Component: ARM Compiler 6.16 Tool: armlink [5dfeaa00]

==============================================================================

Section Cross References

    startup_stm32h723xx.o(RESET) refers to startup_stm32h723xx.o(STACK) for __initial_sp
    startup_stm32h723xx.o(RESET) refers to startup_stm32h723xx.o(.text) for Reset_Handler
    startup_stm32h723xx.o(RESET) refers to stm32h7xx_it.o(.text.NMI_Handler) for NMI_Handler
    startup_stm32h723xx.o(RESET) refers to stm32h7xx_it.o(.text.HardFault_Handler) for HardFault_Handler
    startup_stm32h723xx.o(RESET) refers to stm32h7xx_it.o(.text.MemManage_Handler) for MemManage_Handler
    startup_stm32h723xx.o(RESET) refers to stm32h7xx_it.o(.text.BusFault_Handler) for BusFault_Handler
    startup_stm32h723xx.o(RESET) refers to stm32h7xx_it.o(.text.UsageFault_Handler) for UsageFault_Handler
    startup_stm32h723xx.o(RESET) refers to stm32h7xx_it.o(.text.SVC_Handler) for SVC_Handler
    startup_stm32h723xx.o(RESET) refers to stm32h7xx_it.o(.text.DebugMon_Handler) for DebugMon_Handler
    startup_stm32h723xx.o(RESET) refers to stm32h7xx_it.o(.text.PendSV_Handler) for PendSV_Handler
    startup_stm32h723xx.o(RESET) refers to stm32h7xx_it.o(.text.SysTick_Handler) for SysTick_Handler
    startup_stm32h723xx.o(.text) refers to system_stm32h7xx.o(.text.SystemInit) for SystemInit
    startup_stm32h723xx.o(.text) refers to entry.o(.ARM.Collect$$$$00000000) for __main
    main.o(.text.JunpToApp) refers to stm32h7xx_hal_rcc.o(.text.HAL_RCC_DeInit) for HAL_RCC_DeInit
    main.o(.ARM.exidx.text.JunpToApp) refers to main.o(.text.JunpToApp) for [Anonymous Symbol]
    main.o(.text.main) refers to stm32h7xx_hal.o(.text.HAL_Init) for HAL_Init
    main.o(.text.main) refers to main.o(.text.SystemClock_Config) for SystemClock_Config
    main.o(.text.main) refers to gpio.o(.text.MX_GPIO_Init) for MX_GPIO_Init
    main.o(.text.main) refers to key.o(.text.KeyInit) for KeyInit
    main.o(.text.main) refers to key.o(.text.KeyScan) for KeyScan
    main.o(.text.main) refers to stm32h7xx_hal.o(.text.HAL_Delay) for HAL_Delay
    main.o(.text.main) refers to key.o(.text.isKeyFIFOEmpty) for isKeyFIFOEmpty
    main.o(.text.main) refers to key.o(.text.Key_FIFO_Get) for Key_FIFO_Get
    main.o(.text.main) refers to stm32h7xx_hal_gpio.o(.text.HAL_GPIO_TogglePin) for HAL_GPIO_TogglePin
    main.o(.text.main) refers to main.o(.text.JunpToApp) for JunpToApp
    main.o(.ARM.exidx.text.main) refers to main.o(.text.main) for [Anonymous Symbol]
    main.o(.text.SystemClock_Config) refers to memseta.o(.text) for __aeabi_memclr4
    main.o(.text.SystemClock_Config) refers to stm32h7xx_hal_pwr_ex.o(.text.HAL_PWREx_ConfigSupply) for HAL_PWREx_ConfigSupply
    main.o(.text.SystemClock_Config) refers to stm32h7xx_hal_rcc.o(.text.HAL_RCC_OscConfig) for HAL_RCC_OscConfig
    main.o(.text.SystemClock_Config) refers to stm32h7xx_hal_rcc.o(.text.HAL_RCC_ClockConfig) for HAL_RCC_ClockConfig
    main.o(.text.SystemClock_Config) refers to main.o(.text.Error_Handler) for Error_Handler
    main.o(.ARM.exidx.text.SystemClock_Config) refers to main.o(.text.SystemClock_Config) for [Anonymous Symbol]
    main.o(.ARM.exidx.text.Error_Handler) refers to main.o(.text.Error_Handler) for [Anonymous Symbol]
    gpio.o(.text.MX_GPIO_Init) refers to stm32h7xx_hal_gpio.o(.text.HAL_GPIO_WritePin) for HAL_GPIO_WritePin
    gpio.o(.text.MX_GPIO_Init) refers to stm32h7xx_hal_gpio.o(.text.HAL_GPIO_Init) for HAL_GPIO_Init
    gpio.o(.ARM.exidx.text.MX_GPIO_Init) refers to gpio.o(.text.MX_GPIO_Init) for [Anonymous Symbol]
    eth.o(.text.MX_ETH_Init) refers to eth.o(.bss.heth) for heth
    eth.o(.text.MX_ETH_Init) refers to eth.o(.bss.MX_ETH_Init.MACAddr) for MX_ETH_Init.MACAddr
    eth.o(.text.MX_ETH_Init) refers to eth.o(.RxDecripSection) for DMARxDscrTab
    eth.o(.text.MX_ETH_Init) refers to eth.o(.TxDecripSection) for DMATxDscrTab
    eth.o(.text.MX_ETH_Init) refers to stm32h7xx_hal_eth.o(.text.HAL_ETH_Init) for HAL_ETH_Init
    eth.o(.text.MX_ETH_Init) refers to main.o(.text.Error_Handler) for Error_Handler
    eth.o(.text.MX_ETH_Init) refers to eth.o(.bss.TxConfig) for TxConfig
    eth.o(.text.MX_ETH_Init) refers to memseta.o(.text) for __aeabi_memclr4
    eth.o(.ARM.exidx.text.MX_ETH_Init) refers to eth.o(.text.MX_ETH_Init) for [Anonymous Symbol]
    eth.o(.text.HAL_ETH_MspInit) refers to stm32h7xx_hal_gpio.o(.text.HAL_GPIO_Init) for HAL_GPIO_Init
    eth.o(.ARM.exidx.text.HAL_ETH_MspInit) refers to eth.o(.text.HAL_ETH_MspInit) for [Anonymous Symbol]
    eth.o(.text.HAL_ETH_MspDeInit) refers to stm32h7xx_hal_gpio.o(.text.HAL_GPIO_DeInit) for HAL_GPIO_DeInit
    eth.o(.ARM.exidx.text.HAL_ETH_MspDeInit) refers to eth.o(.text.HAL_ETH_MspDeInit) for [Anonymous Symbol]
    usart.o(.text.MX_USART3_UART_Init) refers to usart.o(.bss.huart3) for huart3
    usart.o(.text.MX_USART3_UART_Init) refers to stm32h7xx_hal_uart.o(.text.HAL_UART_Init) for HAL_UART_Init
[...]
    Removing stm32h7xx_hal_i2c.o(.text.HAL_I2C_Slave_Transmit_IT), (96 bytes).
    Removing stm32h7xx_hal_i2c.o(.ARM.exidx.text.HAL_I2C_Slave_Transmit_IT), (8 bytes).
    Removing stm32h7xx_hal_i2c.o(.text.I2C_Slave_ISR_IT), (260 bytes).
    Removing stm32h7xx_hal_i2c.o(.ARM.exidx.text.I2C_Slave_ISR_IT), (8 bytes).
    Removing stm32h7xx_hal_i2c.o(.text.HAL_I2C_Slave_Receive_IT), (96 bytes).
    Removing stm32h7xx_hal_i2c.o(.ARM.exidx.text.HAL_I2C_Slave_Receive_IT), (8 bytes).
    Removing stm32h7xx_hal_i2c.o(.text.HAL_I2C_Master_Transmit_DMA), (324 bytes).
    Removing stm32h7xx_hal_i2c.o(.ARM.exidx.text.HAL_I2C_Master_Transmit_DMA), (8 bytes).
    Removing stm32h7xx_hal_i2c.o(.text.I2C_Master_ISR_DMA), (262 bytes).
    Removing stm32h7xx_hal_i2c.o(.ARM.exidx.text.I2C_Master_ISR_DMA), (8 bytes).
    Removing stm32h7xx_hal_i2c.o(.text.I2C_DMAMasterTransmitCplt), (74 bytes).
    Removing stm32h7xx_hal_i2c.o(.ARM.exidx.text.I2C_DMAMasterTransmitCplt), (8 bytes).
    Removing stm32h7xx_hal_i2c.o(.text.I2C_DMAError), (504 bytes).
    Removing stm32h7xx_hal_i2c.o(.ARM.exidx.text.I2C_DMAError), (8 bytes).
    Removing stm32h7xx_hal_i2c.o(.text.HAL_I2C_Master_Receive_DMA), (314 bytes).
    Removing stm32h7xx_hal_i2c.o(.ARM.exidx.text.HAL_I2C_Master_Receive_DMA), (8 bytes).
    Removing stm32h7xx_hal_i2c.o(.text.I2C_DMAMasterReceiveCplt), (74 bytes).
    Removing stm32h7xx_hal_i2c.o(.ARM.exidx.text.I2C_DMAMasterReceiveCplt), (8 bytes).
    Removing stm32h7xx_hal_i2c.o(.text.HAL_I2C_Slave_Transmit_DMA), (222 bytes).
    Removing stm32h7xx_hal_i2c.o(.ARM.exidx.text.HAL_I2C_Slave_Transmit_DMA), (8 bytes).
    Removing stm32h7xx_hal_i2c.o(.text.I2C_Slave_ISR_DMA), (744 bytes).
    Removing stm32h7xx_hal_i2c.o(.ARM.exidx.text.I2C_Slave_ISR_DMA), (8 bytes).
    Removing stm32h7xx_hal_i2c.o(.text.I2C_DMASlaveTransmitCplt), (32 bytes).
    Removing stm32h7xx_hal_i2c.o(.ARM.exidx.text.I2C_DMASlaveTransmitCplt), (8 bytes).
    Removing stm32h7xx_hal_i2c.o(.text.HAL_I2C_Slave_Receive_DMA), (228 bytes).
    Removing stm32h7xx_hal_i2c.o(.ARM.exidx.text.HAL_I2C_Slave_Receive_DMA), (8 bytes).
    Removing stm32h7xx_hal_i2c.o(.text.I2C_DMASlaveReceiveCplt), (258 bytes).
    Removing stm32h7xx_hal_i2c.o(.ARM.exidx.text.I2C_DMASlaveReceiveCplt), (8 bytes).
    Removing stm32h7xx_hal_i2c.o(.text.HAL_I2C_Mem_Write), (374 bytes).
    Removing stm32h7xx_hal_i2c.o(.ARM.exidx.text.HAL_I2C_Mem_Write), (8 bytes).
    Removing stm32h7xx_hal_i2c.o(.text.I2C_RequestMemoryWrite), (116 bytes).
    Removing stm32h7xx_hal_i2c.o(.ARM.exidx.text.I2C_RequestMemoryWrite), (8 bytes).
    Removing stm32h7xx_hal_i2c.o(.text.HAL_I2C_Mem_Read), (390 bytes).
    Removing stm32h7xx_hal_i2c.o(.ARM.exidx.text.HAL_I2C_Mem_Read), (8 bytes).
    Removing stm32h7xx_hal_i2c.o(.text.I2C_RequestMemoryRead), (114 bytes).
    Removing stm32h7xx_hal_i2c.o(.ARM.exidx.text.I2C_RequestMemoryRead), (8 bytes).
    Removing stm32h7xx_hal_i2c.o(.text.HAL_I2C_Mem_Write_IT), (222 bytes).
    Removing stm32h7xx_hal_i2c.o(.ARM.exidx.text.HAL_I2C_Mem_Write_IT), (8 bytes).
    Removing stm32h7xx_hal_i2c.o(.text.HAL_I2C_Mem_Read_IT), (230 bytes).
    Removing stm32h7xx_hal_i2c.o(.ARM.exidx.text.HAL_I2C_Mem_Read_IT), (8 bytes).
    Removing stm32h7xx_hal_i2c.o(.text.HAL_I2C_Mem_Write_DMA), (338 bytes).
    Removing stm32h7xx_hal_i2c.o(.ARM.exidx.text.HAL_I2C_Mem_Write_DMA), (8 bytes).
    Removing stm32h7xx_hal_i2c.o(.text.HAL_I2C_Mem_Read_DMA), (344 bytes).
    Removing stm32h7xx_hal_i2c.o(.ARM.exidx.text.HAL_I2C_Mem_Read_DMA), (8 bytes).
    Removing stm32h7xx_hal_i2c.o(.text.HAL_I2C_IsDeviceReady), (306 bytes).
    Removing stm32h7xx_hal_i2c.o(.ARM.exidx.text.HAL_I2C_IsDeviceReady), (8 bytes).
    Removing stm32h7xx_hal_i2c.o(.text.HAL_I2C_Master_Seq_Transmit_IT), (174 bytes).
    Removing stm32h7xx_hal_i2c.o(.ARM.exidx.text.HAL_I2C_Master_Seq_Transmit_IT), (8 bytes).
    Removing stm32h7xx_hal_i2c.o(.text.I2C_ConvertOtherXferOptions), (30 bytes).
    Removing stm32h7xx_hal_i2c.o(.ARM.exidx.text.I2C_ConvertOtherXferOptions), (8 bytes).
    Removing stm32h7xx_hal_i2c.o(.text.HAL_I2C_Master_Seq_Transmit_DMA), (352 bytes).
    Removing stm32h7xx_hal_i2c.o(.ARM.exidx.text.HAL_I2C_Master_Seq_Transmit_DMA), (8 bytes).
    Removing stm32h7xx_hal_i2c.o(.text.HAL_I2C_Master_Seq_Receive_IT), (174 bytes).
    Removing stm32h7xx_hal_i2c.o(.ARM.exidx.text.HAL_I2C_Master_Seq_Receive_IT), (8 bytes).
    Removing stm32h7xx_hal_i2c.o(.text.HAL_I2C_Master_Seq_Receive_DMA), (350 bytes).
    Removing stm32h7xx_hal_i2c.o(.ARM.exidx.text.HAL_I2C_Master_Seq_Receive_DMA), (8 bytes).
    Removing stm32h7xx_hal_i2c.o(.text.HAL_I2C_Slave_Seq_Transmit_IT), (212 bytes).
    Removing stm32h7xx_hal_i2c.o(.ARM.exidx.text.HAL_I2C_Slave_Seq_Transmit_IT), (8 bytes).
    Removing stm32h7xx_hal_i2c.o(.text.I2C_Disable_IRQ), (94 bytes).
    Removing stm32h7xx_hal_i2c.o(.ARM.exidx.text.I2C_Disable_IRQ), (8 bytes).
    Removing stm32h7xx_hal_i2c.o(.text.I2C_DMAAbort), (30 bytes).
    Removing stm32h7xx_hal_i2c.o(.ARM.exidx.text.I2C_DMAAbort), (8 bytes).
    Removing stm32h7xx_hal_i2c.o(.text.HAL_I2C_Slave_Seq_Transmit_DMA), (366 bytes).
    Removing stm32h7xx_hal_i2c.o(.ARM.exidx.text.HAL_I2C_Slave_Seq_Transmit_DMA), (8 bytes).
    Removing stm32h7xx_hal_i2c.o(.text.HAL_I2C_Slave_Seq_Receive_IT), (212 bytes).
    Removing stm32h7xx_hal_i2c.o(.ARM.exidx.text.HAL_I2C_Slave_Seq_Receive_IT), (8 bytes).
    Removing stm32h7xx_hal_i2c.o(.text.HAL_I2C_Slave_Seq_Receive_DMA), (368 bytes).
    Removing stm32h7xx_hal_i2c.o(.ARM.exidx.text.HAL_I2C_Slave_Seq_Receive_DMA), (8 bytes).
    Removing stm32h7xx_hal_i2c.o(.text.HAL_I2C_EnableListen_IT), (42 bytes).
    Removing stm32h7xx_hal_i2c.o(.ARM.exidx.text.HAL_I2C_EnableListen_IT), (8 bytes).
    Removing stm32h7xx_hal_i2c.o(.text.HAL_I2C_DisableListen_IT), (58 bytes).
    Removing stm32h7xx_hal_i2c.o(.ARM.exidx.text.HAL_I2C_DisableListen_IT), (8 bytes).
    Removing stm32h7xx_hal_i2c.o(.text.HAL_I2C_Master_Abort_IT), (120 bytes).
    Removing stm32h7xx_hal_i2c.o(.ARM.exidx.text.HAL_I2C_Master_Abort_IT), (8 bytes).
    Removing stm32h7xx_hal_i2c.o(.text.HAL_I2C_EV_IRQHandler), (20 bytes).
    Removing stm32h7xx_hal_i2c.o(.ARM.exidx.text.HAL_I2C_EV_IRQHandler), (8 bytes).
    Removing stm32h7xx_hal_i2c.o(.text.HAL_I2C_ER_IRQHandler), (100 bytes).
    Removing stm32h7xx_hal_i2c.o(.ARM.exidx.text.HAL_I2C_ER_IRQHandler), (8 bytes).
    Removing stm32h7xx_hal_i2c.o(.text.I2C_ITError), (242 bytes).
    Removing stm32h7xx_hal_i2c.o(.ARM.exidx.text.I2C_ITError), (8 bytes).
    Removing stm32h7xx_hal_i2c.o(.text.HAL_I2C_MasterTxCpltCallback), (2 bytes).
    Removing stm32h7xx_hal_i2c.o(.ARM.exidx.text.HAL_I2C_MasterTxCpltCallback), (8 bytes).
    Removing stm32h7xx_hal_i2c.o(.text.HAL_I2C_MasterRxCpltCallback), (2 bytes).
    Removing stm32h7xx_hal_i2c.o(.ARM.exidx.text.HAL_I2C_MasterRxCpltCallback), (8 bytes).
    Removing stm32h7xx_hal_i2c.o(.text.HAL_I2C_SlaveTxCpltCallback), (2 bytes).
    Removing stm32h7xx_hal_i2c.o(.ARM.exidx.text.HAL_I2C_SlaveTxCpltCallback), (8 bytes).
    Removing stm32h7xx_hal_i2c.o(.text.HAL_I2C_SlaveRxCpltCallback), (2 bytes).
    Removing stm32h7xx_hal_i2c.o(.ARM.exidx.text.HAL_I2C_SlaveRxCpltCallback), (8 bytes).
    Removing stm32h7xx_hal_i2c.o(.text.HAL_I2C_AddrCallback), (2 bytes).
    Removing stm32h7xx_hal_i2c.o(.ARM.exidx.text.HAL_I2C_AddrCallback), (8 bytes).
    Removing stm32h7xx_hal_i2c.o(.text.HAL_I2C_ListenCpltCallback), (2 bytes).
    Removing stm32h7xx_hal_i2c.o(.ARM.exidx.text.HAL_I2C_ListenCpltCallback), (8 bytes).
    Removing stm32h7xx_hal_i2c.o(.text.HAL_I2C_MemTxCpltCallback), (2 bytes).
    Removing stm32h7xx_hal_i2c.o(.ARM.exidx.text.HAL_I2C_MemTxCpltCallback), (8 bytes).
    Removing stm32h7xx_hal_i2c.o(.text.HAL_I2C_MemRxCpltCallback), (2 bytes).
    Removing stm32h7xx_hal_i2c.o(.ARM.exidx.text.HAL_I2C_MemRxCpltCallback), (8 bytes).
    Removing stm32h7xx_hal_i2c.o(.text.HAL_I2C_ErrorCallback), (2 bytes).
    Removing stm32h7xx_hal_i2c.o(.ARM.exidx.text.HAL_I2C_ErrorCallback), (8 bytes).
    Removing stm32h7xx_hal_i2c.o(.text.HAL_I2C_AbortCpltCallback), (2 bytes).
    Removing stm32h7xx_hal_i2c.o(.ARM.exidx.text.HAL_I2C_AbortCpltCallback), (8 bytes).
    Removing stm32h7xx_hal_i2c.o(.text.HAL_I2C_GetState), (6 bytes).
    Removing stm32h7xx_hal_i2c.o(.ARM.exidx.text.HAL_I2C_GetState), (8 bytes).
    Removing stm32h7xx_hal_i2c.o(.text.HAL_I2C_GetMode), (6 bytes).
    Removing stm32h7xx_hal_i2c.o(.ARM.exidx.text.HAL_I2C_GetMode), (8 bytes).
    Removing stm32h7xx_hal_i2c.o(.text.HAL_I2C_GetError), (4 bytes).
    Removing stm32h7xx_hal_i2c.o(.ARM.exidx.text.HAL_I2C_GetError), (8 bytes).
    Removing stm32h7xx_hal_i2c.o(.text.I2C_ITMasterSeqCplt), (78 bytes).
    Removing stm32h7xx_hal_i2c.o(.ARM.exidx.text.I2C_ITMasterSeqCplt), (8 bytes).
    Removing stm32h7xx_hal_i2c.o(.text.I2C_ITMasterCplt), (246 bytes).
    Removing stm32h7xx_hal_i2c.o(.ARM.exidx.text.I2C_ITMasterCplt), (8 bytes).
    Removing stm32h7xx_hal_i2c.o(.text.I2C_ITSlaveCplt), (760 bytes).
    Removing stm32h7xx_hal_i2c.o(.ARM.exidx.text.I2C_ITSlaveCplt), (8 bytes).
    Removing stm32h7xx_hal_i2c.o(.text.I2C_ITListenCplt), (96 bytes).
    Removing stm32h7xx_hal_i2c.o(.ARM.exidx.text.I2C_ITListenCplt), (8 bytes).
    Removing stm32h7xx_hal_i2c.o(.text.I2C_ITSlaveSeqCplt), (122 bytes).
    Removing stm32h7xx_hal_i2c.o(.ARM.exidx.text.I2C_ITSlaveSeqCplt), (8 bytes).
    Removing stm32h7xx_hal_i2c.o(.text.I2C_ITAddrCplt), (156 bytes).
    Removing stm32h7xx_hal_i2c.o(.ARM.exidx.text.I2C_ITAddrCplt), (8 bytes).
    Removing stm32h7xx_hal_i2c.o(.text.I2C_TreatErrorCallback), (44 bytes).
    Removing stm32h7xx_hal_i2c.o(.ARM.exidx.text.I2C_TreatErrorCallback), (8 bytes).
    Removing stm32h7xx_hal_i2c.o(.text.I2C_IsErrorOccurred), (308 bytes).
    Removing stm32h7xx_hal_i2c.o(.ARM.exidx.text.I2C_IsErrorOccurred), (8 bytes).
    Removing stm32h7xx_hal_i2c_ex.o(.text), (0 bytes).
    Removing stm32h7xx_hal_i2c_ex.o(.text.HAL_I2CEx_ConfigAnalogFilter), (74 bytes).
    Removing stm32h7xx_hal_i2c_ex.o(.ARM.exidx.text.HAL_I2CEx_ConfigAnalogFilter), (8 bytes).
    Removing stm32h7xx_hal_i2c_ex.o(.text.HAL_I2CEx_ConfigDigitalFilter), (72 bytes).
    Removing stm32h7xx_hal_i2c_ex.o(.ARM.exidx.text.HAL_I2CEx_ConfigDigitalFilter), (8 bytes).
    Removing stm32h7xx_hal_i2c_ex.o(.text.HAL_I2CEx_EnableWakeUp), (68 bytes).
    Removing stm32h7xx_hal_i2c_ex.o(.ARM.exidx.text.HAL_I2CEx_EnableWakeUp), (8 bytes).
    Removing stm32h7xx_hal_i2c_ex.o(.text.HAL_I2CEx_DisableWakeUp), (68 bytes).
    Removing stm32h7xx_hal_i2c_ex.o(.ARM.exidx.text.HAL_I2CEx_DisableWakeUp), (8 bytes).
    Removing stm32h7xx_hal_i2c_ex.o(.text.HAL_I2CEx_EnableFastModePlus), (46 bytes).
    Removing stm32h7xx_hal_i2c_ex.o(.ARM.exidx.text.HAL_I2CEx_EnableFastModePlus), (8 bytes).
    Removing stm32h7xx_hal_i2c_ex.o(.text.HAL_I2CEx_DisableFastModePlus), (48 bytes).
    Removing stm32h7xx_hal_i2c_ex.o(.ARM.exidx.text.HAL_I2CEx_DisableFastModePlus), (8 bytes).
    Removing stm32h7xx_hal_exti.o(.text), (0 bytes).
    Removing stm32h7xx_hal_exti.o(.text.HAL_EXTI_SetConfigLine), (300 bytes).
    Removing stm32h7xx_hal_exti.o(.ARM.exidx.text.HAL_EXTI_SetConfigLine), (8 bytes).
    Removing stm32h7xx_hal_exti.o(.text.HAL_EXTI_GetConfigLine), (232 bytes).
    Removing stm32h7xx_hal_exti.o(.ARM.exidx.text.HAL_EXTI_GetConfigLine), (8 bytes).
    Removing stm32h7xx_hal_exti.o(.text.HAL_EXTI_ClearConfigLine), (216 bytes).
    Removing stm32h7xx_hal_exti.o(.ARM.exidx.text.HAL_EXTI_ClearConfigLine), (8 bytes).
    Removing stm32h7xx_hal_exti.o(.text.HAL_EXTI_RegisterCallback), (20 bytes).
    Removing stm32h7xx_hal_exti.o(.ARM.exidx.text.HAL_EXTI_RegisterCallback), (8 bytes).
    Removing stm32h7xx_hal_exti.o(.text.HAL_EXTI_GetHandle), (12 bytes).
    Removing stm32h7xx_hal_exti.o(.ARM.exidx.text.HAL_EXTI_GetHandle), (8 bytes).
    Removing stm32h7xx_hal_exti.o(.text.HAL_EXTI_IRQHandler), (54 bytes).
    Removing stm32h7xx_hal_exti.o(.ARM.exidx.text.HAL_EXTI_IRQHandler), (8 bytes).
    Removing stm32h7xx_hal_exti.o(.text.HAL_EXTI_GetPending), (30 bytes).
    Removing stm32h7xx_hal_exti.o(.ARM.exidx.text.HAL_EXTI_GetPending), (8 bytes).
    Removing stm32h7xx_hal_exti.o(.text.HAL_EXTI_ClearPending), (26 bytes).
    Removing stm32h7xx_hal_exti.o(.ARM.exidx.text.HAL_EXTI_ClearPending), (8 bytes).
    Removing stm32h7xx_hal_exti.o(.text.HAL_EXTI_GenerateSWI), (26 bytes).
    Removing stm32h7xx_hal_exti.o(.ARM.exidx.text.HAL_EXTI_GenerateSWI), (8 bytes).
    Removing stm32h7xx_hal_eth.o(.text), (0 bytes).
    Removing stm32h7xx_hal_eth.o(.text.HAL_ETH_Init), (266 bytes).
    Removing stm32h7xx_hal_eth.o(.ARM.exidx.text.HAL_ETH_Init), (8 bytes).
    Removing stm32h7xx_hal_eth.o(.text.HAL_ETH_MspInit), (2 bytes).
    Removing stm32h7xx_hal_eth.o(.ARM.exidx.text.HAL_ETH_MspInit), (8 bytes).
    Removing stm32h7xx_hal_eth.o(.text.HAL_ETH_SetMDIOClockRange), (136 bytes).
    Removing stm32h7xx_hal_eth.o(.ARM.exidx.text.HAL_ETH_SetMDIOClockRange), (8 bytes).
    Removing stm32h7xx_hal_eth.o(.text.ETH_MACDMAConfig), (192 bytes).
    Removing stm32h7xx_hal_eth.o(.ARM.exidx.text.ETH_MACDMAConfig), (8 bytes).
    Removing stm32h7xx_hal_eth.o(.text.ETH_DMATxDescListInit), (78 bytes).
    Removing stm32h7xx_hal_eth.o(.ARM.exidx.text.ETH_DMATxDescListInit), (8 bytes).
    Removing stm32h7xx_hal_eth.o(.text.ETH_DMARxDescListInit), (90 bytes).
    Removing stm32h7xx_hal_eth.o(.ARM.exidx.text.ETH_DMARxDescListInit), (8 bytes).
    Removing stm32h7xx_hal_eth.o(.text.HAL_ETH_DeInit), (26 bytes).
    Removing stm32h7xx_hal_eth.o(.ARM.exidx.text.HAL_ETH_DeInit), (8 bytes).
    Removing stm32h7xx_hal_eth.o(.text.HAL_ETH_MspDeInit), (2 bytes).
    Removing stm32h7xx_hal_eth.o(.ARM.exidx.text.HAL_ETH_MspDeInit), (8 bytes).
    Removing stm32h7xx_hal_eth.o(.text.HAL_ETH_Start), (100 bytes).
    Removing stm32h7xx_hal_eth.o(.ARM.exidx.text.HAL_ETH_Start), (8 bytes).
    Removing stm32h7xx_hal_eth.o(.text.ETH_UpdateDescriptor), (148 bytes).
    Removing stm32h7xx_hal_eth.o(.ARM.exidx.text.ETH_UpdateDescriptor), (8 bytes).
    Removing stm32h7xx_hal_eth.o(.text.HAL_ETH_Start_IT), (148 bytes).
    Removing stm32h7xx_hal_eth.o(.ARM.exidx.text.HAL_ETH_Start_IT), (8 bytes).
    Removing stm32h7xx_hal_eth.o(.text.HAL_ETH_Stop), (86 bytes).
    Removing stm32h7xx_hal_eth.o(.ARM.exidx.text.HAL_ETH_Stop), (8 bytes).
    Removing stm32h7xx_hal_eth.o(.text.HAL_ETH_Stop_IT), (132 bytes).
    Removing stm32h7xx_hal_eth.o(.ARM.exidx.text.HAL_ETH_Stop_IT), (8 bytes).
    Removing stm32h7xx_hal_eth.o(.text.HAL_ETH_Transmit), (216 bytes).
    Removing stm32h7xx_hal_eth.o(.ARM.exidx.text.HAL_ETH_Transmit), (8 bytes).
    Removing stm32h7xx_hal_eth.o(.text.ETH_Prepare_Tx_Descriptors), (842 bytes).
    Removing stm32h7xx_hal_eth.o(.ARM.exidx.text.ETH_Prepare_Tx_Descriptors), (8 bytes).
    Removing stm32h7xx_hal_eth.o(.text.HAL_ETH_Transmit_IT), (88 bytes).
    Removing stm32h7xx_hal_eth.o(.ARM.exidx.text.HAL_ETH_Transmit_IT), (8 bytes).
    Removing stm32h7xx_hal_eth.o(.text.HAL_ETH_ReadData), (278 bytes).
    Removing stm32h7xx_hal_eth.o(.ARM.exidx.text.HAL_ETH_ReadData), (8 bytes).
    Removing stm32h7xx_hal_eth.o(.text.HAL_ETH_RxLinkCallback), (2 bytes).
    Removing stm32h7xx_hal_eth.o(.ARM.exidx.text.HAL_ETH_RxLinkCallback), (8 bytes).
    Removing stm32h7xx_hal_eth.o(.text.HAL_ETH_RegisterRxAllocateCallback), (14 bytes).
    Removing stm32h7xx_hal_eth.o(.ARM.exidx.text.HAL_ETH_RegisterRxAllocateCallback), (8 bytes).
    Removing stm32h7xx_hal_eth.o(.text.HAL_ETH_UnRegisterRxAllocateCallback), (18 bytes).
    Removing stm32h7xx_hal_eth.o(.ARM.exidx.text.HAL_ETH_UnRegisterRxAllocateCallback), (8 bytes).
    Removing stm32h7xx_hal_eth.o(.text.HAL_ETH_RxAllocateCallback), (2 bytes).
    Removing stm32h7xx_hal_eth.o(.ARM.exidx.text.HAL_ETH_RxAllocateCallback), (8 bytes).
    Removing stm32h7xx_hal_eth.o(.text.HAL_ETH_RegisterRxLinkCallback), (14 bytes).
    Removing stm32h7xx_hal_eth.o(.ARM.exidx.text.HAL_ETH_RegisterRxLinkCallback), (8 bytes).
    Removing stm32h7xx_hal_eth.o(.text.HAL_ETH_UnRegisterRxLinkCallback), (18 bytes).
    Removing stm32h7xx_hal_eth.o(.ARM.exidx.text.HAL_ETH_UnRegisterRxLinkCallback), (8 bytes).
    Removing stm32h7xx_hal_eth.o(.text.HAL_ETH_GetRxDataErrorCode), (12 bytes).
    Removing stm32h7xx_hal_eth.o(.ARM.exidx.text.HAL_ETH_GetRxDataErrorCode), (8 bytes).
    Removing stm32h7xx_hal_eth.o(.text.HAL_ETH_RegisterTxFreeCallback), (14 bytes).
    Removing stm32h7xx_hal_eth.o(.ARM.exidx.text.HAL_ETH_RegisterTxFreeCallback), (8 bytes).
    Removing stm32h7xx_hal_eth.o(.text.HAL_ETH_UnRegisterTxFreeCallback), (18 bytes).
    Removing stm32h7xx_hal_eth.o(.ARM.exidx.text.HAL_ETH_UnRegisterTxFreeCallback), (8 bytes).
    Removing stm32h7xx_hal_eth.o(.text.HAL_ETH_TxFreeCallback), (2 bytes).
    Removing stm32h7xx_hal_eth.o(.ARM.exidx.text.HAL_ETH_TxFreeCallback), (8 bytes).
    Removing stm32h7xx_hal_eth.o(.text.HAL_ETH_ReleaseTxPacket), (110 bytes).
    Removing stm32h7xx_hal_eth.o(.ARM.exidx.text.HAL_ETH_ReleaseTxPacket), (8 bytes).
    Removing stm32h7xx_hal_eth.o(.text.HAL_ETH_IRQHandler), (304 bytes).
    Removing stm32h7xx_hal_eth.o(.ARM.exidx.text.HAL_ETH_IRQHandler), (8 bytes).
    Removing stm32h7xx_hal_eth.o(.text.HAL_ETH_RxCpltCallback), (2 bytes).
    Removing stm32h7xx_hal_eth.o(.ARM.exidx.text.HAL_ETH_RxCpltCallback), (8 bytes).
    Removing stm32h7xx_hal_eth.o(.text.HAL_ETH_TxCpltCallback), (2 bytes).
    Removing stm32h7xx_hal_eth.o(.ARM.exidx.text.HAL_ETH_TxCpltCallback), (8 bytes).
    Removing stm32h7xx_hal_eth.o(.text.HAL_ETH_ErrorCallback), (2 bytes).
    Removing stm32h7xx_hal_eth.o(.ARM.exidx.text.HAL_ETH_ErrorCallback), (8 bytes).
    Removing stm32h7xx_hal_eth.o(.text.HAL_ETH_PMTCallback), (2 bytes).
    Removing stm32h7xx_hal_eth.o(.ARM.exidx.text.HAL_ETH_PMTCallback), (8 bytes).
    Removing stm32h7xx_hal_eth.o(.text.HAL_ETH_EEECallback), (2 bytes).
    Removing stm32h7xx_hal_eth.o(.ARM.exidx.text.HAL_ETH_EEECallback), (8 bytes).
    Removing stm32h7xx_hal_eth.o(.text.HAL_ETH_WakeUpCallback), (2 bytes).
    Removing stm32h7xx_hal_eth.o(.ARM.exidx.text.HAL_ETH_WakeUpCallback), (8 bytes).
    Removing stm32h7xx_hal_eth.o(.text.HAL_ETH_ReadPHYRegister), (90 bytes).
    Removing stm32h7xx_hal_eth.o(.ARM.exidx.text.HAL_ETH_ReadPHYRegister), (8 bytes).
    Removing stm32h7xx_hal_eth.o(.text.HAL_ETH_WritePHYRegister), (90 bytes).
    Removing stm32h7xx_hal_eth.o(.ARM.exidx.text.HAL_ETH_WritePHYRegister), (8 bytes).
    Removing stm32h7xx_hal_eth.o(.text.HAL_ETH_GetMACConfig), (372 bytes).
    Removing stm32h7xx_hal_eth.o(.ARM.exidx.text.HAL_ETH_GetMACConfig), (8 bytes).
    Removing stm32h7xx_hal_eth.o(.text.HAL_ETH_GetDMAConfig), (130 bytes).
    Removing stm32h7xx_hal_eth.o(.ARM.exidx.text.HAL_ETH_GetDMAConfig), (8 bytes).
    Removing stm32h7xx_hal_eth.o(.text.HAL_ETH_SetMACConfig), (24 bytes).
    Removing stm32h7xx_hal_eth.o(.ARM.exidx.text.HAL_ETH_SetMACConfig), (8 bytes).
    Removing stm32h7xx_hal_eth.o(.text.ETH_SetMACConfig), (386 bytes).
    Removing stm32h7xx_hal_eth.o(.ARM.exidx.text.ETH_SetMACConfig), (8 bytes).
    Removing stm32h7xx_hal_eth.o(.text.HAL_ETH_SetDMAConfig), (24 bytes).
    Removing stm32h7xx_hal_eth.o(.ARM.exidx.text.HAL_ETH_SetDMAConfig), (8 bytes).
    Removing stm32h7xx_hal_eth.o(.text.ETH_SetDMAConfig), (164 bytes).
    Removing stm32h7xx_hal_eth.o(.ARM.exidx.text.ETH_SetDMAConfig), (8 bytes).
    Removing stm32h7xx_hal_eth.o(.text.HAL_ETH_SetMACFilterConfig), (108 bytes).
    Removing stm32h7xx_hal_eth.o(.ARM.exidx.text.HAL_ETH_SetMACFilterConfig), (8 bytes).
    Removing stm32h7xx_hal_eth.o(.text.HAL_ETH_GetMACFilterConfig), (104 bytes).
    Removing stm32h7xx_hal_eth.o(.ARM.exidx.text.HAL_ETH_GetMACFilterConfig), (8 bytes).
    Removing stm32h7xx_hal_eth.o(.text.HAL_ETH_SetSourceMACAddrMatch), (38 bytes).
    Removing stm32h7xx_hal_eth.o(.ARM.exidx.text.HAL_ETH_SetSourceMACAddrMatch), (8 bytes).
    Removing stm32h7xx_hal_eth.o(.text.HAL_ETH_SetHashTable), (20 bytes).
    Removing stm32h7xx_hal_eth.o(.ARM.exidx.text.HAL_ETH_SetHashTable), (8 bytes).
    Removing stm32h7xx_hal_eth.o(.text.HAL_ETH_SetRxVLANIdentifier), (48 bytes).
    Removing stm32h7xx_hal_eth.o(.ARM.exidx.text.HAL_ETH_SetRxVLANIdentifier), (8 bytes).
    Removing stm32h7xx_hal_eth.o(.text.HAL_ETH_EnterPowerDownMode), (64 bytes).
    Removing stm32h7xx_hal_eth.o(.ARM.exidx.text.HAL_ETH_EnterPowerDownMode), (8 bytes).
    Removing stm32h7xx_hal_eth.o(.text.HAL_ETH_ExitPowerDownMode), (50 bytes).
    Removing stm32h7xx_hal_eth.o(.ARM.exidx.text.HAL_ETH_ExitPowerDownMode), (8 bytes).
    Removing stm32h7xx_hal_eth.o(.text.HAL_ETH_SetWakeUpFilter), (40 bytes).
    Removing stm32h7xx_hal_eth.o(.ARM.exidx.text.HAL_ETH_SetWakeUpFilter), (8 bytes).
    Removing stm32h7xx_hal_eth.o(.text.HAL_ETH_GetState), (6 bytes).
    Removing stm32h7xx_hal_eth.o(.ARM.exidx.text.HAL_ETH_GetState), (8 bytes).
    Removing stm32h7xx_hal_eth.o(.text.HAL_ETH_GetError), (6 bytes).
    Removing stm32h7xx_hal_eth.o(.ARM.exidx.text.HAL_ETH_GetError), (8 bytes).
    Removing stm32h7xx_hal_eth.o(.text.HAL_ETH_GetDMAError), (6 bytes).
    Removing stm32h7xx_hal_eth.o(.ARM.exidx.text.HAL_ETH_GetDMAError), (8 bytes).
    Removing stm32h7xx_hal_eth.o(.text.HAL_ETH_GetMACError), (6 bytes).
    Removing stm32h7xx_hal_eth.o(.ARM.exidx.text.HAL_ETH_GetMACError), (8 bytes).
    Removing stm32h7xx_hal_eth.o(.text.HAL_ETH_GetMACWakeUpSource), (6 bytes).
    Removing stm32h7xx_hal_eth.o(.ARM.exidx.text.HAL_ETH_GetMACWakeUpSource), (8 bytes).
    Removing stm32h7xx_hal_eth_ex.o(.text), (0 bytes).
    Removing stm32h7xx_hal_eth_ex.o(.text.HAL_ETHEx_EnableARPOffload), (12 bytes).
    Removing stm32h7xx_hal_eth_ex.o(.ARM.exidx.text.HAL_ETHEx_EnableARPOffload), (8 bytes).
    Removing stm32h7xx_hal_eth_ex.o(.text.HAL_ETHEx_DisableARPOffload), (12 bytes).
    Removing stm32h7xx_hal_eth_ex.o(.ARM.exidx.text.HAL_ETHEx_DisableARPOffload), (8 bytes).
    Removing stm32h7xx_hal_eth_ex.o(.text.HAL_ETHEx_SetARPAddressMatch), (8 bytes).
    Removing stm32h7xx_hal_eth_ex.o(.ARM.exidx.text.HAL_ETHEx_SetARPAddressMatch), (8 bytes).
    Removing stm32h7xx_hal_eth_ex.o(.text.HAL_ETHEx_SetL4FilterConfig), (70 bytes).
    Removing stm32h7xx_hal_eth_ex.o(.ARM.exidx.text.HAL_ETHEx_SetL4FilterConfig), (8 bytes).
    Removing stm32h7xx_hal_eth_ex.o(.text.HAL_ETHEx_GetL4FilterConfig), (62 bytes).
    Removing stm32h7xx_hal_eth_ex.o(.ARM.exidx.text.HAL_ETHEx_GetL4FilterConfig), (8 bytes).
    Removing stm32h7xx_hal_eth_ex.o(.text.HAL_ETHEx_SetL3FilterConfig), (118 bytes).
    Removing stm32h7xx_hal_eth_ex.o(.ARM.exidx.text.HAL_ETHEx_SetL3FilterConfig), (8 bytes).
    Removing stm32h7xx_hal_eth_ex.o(.text.HAL_ETHEx_GetL3FilterConfig), (104 bytes).
    Removing stm32h7xx_hal_eth_ex.o(.ARM.exidx.text.HAL_ETHEx_GetL3FilterConfig), (8 bytes).
    Removing stm32h7xx_hal_eth_ex.o(.text.HAL_ETHEx_EnableL3L4Filtering), (12 bytes).
    Removing stm32h7xx_hal_eth_ex.o(.ARM.exidx.text.HAL_ETHEx_EnableL3L4Filtering), (8 bytes).
    Removing stm32h7xx_hal_eth_ex.o(.text.HAL_ETHEx_DisableL3L4Filtering), (12 bytes).
    Removing stm32h7xx_hal_eth_ex.o(.ARM.exidx.text.HAL_ETHEx_DisableL3L4Filtering), (8 bytes).
    Removing stm32h7xx_hal_eth_ex.o(.text.HAL_ETHEx_GetRxVLANConfig), (82 bytes).
    Removing stm32h7xx_hal_eth_ex.o(.ARM.exidx.text.HAL_ETHEx_GetRxVLANConfig), (8 bytes).
    Removing stm32h7xx_hal_eth_ex.o(.text.HAL_ETHEx_SetRxVLANConfig), (82 bytes).
    Removing stm32h7xx_hal_eth_ex.o(.ARM.exidx.text.HAL_ETHEx_SetRxVLANConfig), (8 bytes).
    Removing stm32h7xx_hal_eth_ex.o(.text.HAL_ETHEx_SetVLANHashTable), (16 bytes).
    Removing stm32h7xx_hal_eth_ex.o(.ARM.exidx.text.HAL_ETHEx_SetVLANHashTable), (8 bytes).
    Removing stm32h7xx_hal_eth_ex.o(.text.HAL_ETHEx_GetTxVLANConfig), (44 bytes).
    Removing stm32h7xx_hal_eth_ex.o(.ARM.exidx.text.HAL_ETHEx_GetTxVLANConfig), (8 bytes).
    Removing stm32h7xx_hal_eth_ex.o(.text.HAL_ETHEx_SetTxVLANConfig), (74 bytes).
    Removing stm32h7xx_hal_eth_ex.o(.ARM.exidx.text.HAL_ETHEx_SetTxVLANConfig), (8 bytes).
    Removing stm32h7xx_hal_eth_ex.o(.text.HAL_ETHEx_SetTxVLANIdentifier), (26 bytes).
    Removing stm32h7xx_hal_eth_ex.o(.ARM.exidx.text.HAL_ETHEx_SetTxVLANIdentifier), (8 bytes).
    Removing stm32h7xx_hal_eth_ex.o(.text.HAL_ETHEx_EnableVLANProcessing), (12 bytes).
    Removing stm32h7xx_hal_eth_ex.o(.ARM.exidx.text.HAL_ETHEx_EnableVLANProcessing), (8 bytes).
    Removing stm32h7xx_hal_eth_ex.o(.text.HAL_ETHEx_DisableVLANProcessing), (12 bytes).
    Removing stm32h7xx_hal_eth_ex.o(.ARM.exidx.text.HAL_ETHEx_DisableVLANProcessing), (8 bytes).
    Removing stm32h7xx_hal_eth_ex.o(.text.HAL_ETHEx_EnterLPIMode), (40 bytes).
    Removing stm32h7xx_hal_eth_ex.o(.ARM.exidx.text.HAL_ETHEx_EnterLPIMode), (8 bytes).
    Removing stm32h7xx_hal_eth_ex.o(.text.HAL_ETHEx_ExitLPIMode), (28 bytes).
    Removing stm32h7xx_hal_eth_ex.o(.ARM.exidx.text.HAL_ETHEx_ExitLPIMode), (8 bytes).
    Removing stm32h7xx_hal_eth_ex.o(.text.HAL_ETHEx_GetMACLPIEvent), (6 bytes).
    Removing stm32h7xx_hal_eth_ex.o(.ARM.exidx.text.HAL_ETHEx_GetMACLPIEvent), (8 bytes).
    Removing stm32h7xx_hal_tim.o(.text), (0 bytes).
    Removing stm32h7xx_hal_tim_ex.o(.text), (0 bytes).
    Removing stm32h7xx_hal_uart.o(.text), (0 bytes).
    Removing stm32h7xx_hal_uart.o(.text.HAL_UART_Init), (98 bytes).
    Removing stm32h7xx_hal_uart.o(.ARM.exidx.text.HAL_UART_Init), (8 bytes).
    Removing stm32h7xx_hal_uart.o(.text.HAL_UART_MspInit), (2 bytes).
    Removing stm32h7xx_hal_uart.o(.ARM.exidx.text.HAL_UART_MspInit), (8 bytes).
    Removing stm32h7xx_hal_uart.o(.text.UART_SetConfig), (1480 bytes).
    Removing stm32h7xx_hal_uart.o(.ARM.exidx.text.UART_SetConfig), (8 bytes).
    Removing stm32h7xx_hal_uart.o(.text.UART_AdvFeatureConfig), (224 bytes).
    Removing stm32h7xx_hal_uart.o(.ARM.exidx.text.UART_AdvFeatureConfig), (8 bytes).
    Removing stm32h7xx_hal_uart.o(.text.UART_CheckIdleState), (106 bytes).
    Removing stm32h7xx_hal_uart.o(.ARM.exidx.text.UART_CheckIdleState), (8 bytes).
    Removing stm32h7xx_hal_uart.o(.text.HAL_HalfDuplex_Init), (106 bytes).
    Removing stm32h7xx_hal_uart.o(.ARM.exidx.text.HAL_HalfDuplex_Init), (8 bytes).
    Removing stm32h7xx_hal_uart.o(.text.HAL_LIN_Init), (130 bytes).
    Removing stm32h7xx_hal_uart.o(.ARM.exidx.text.HAL_LIN_Init), (8 bytes).
    Removing stm32h7xx_hal_uart.o(.text.HAL_MultiProcessor_Init), (130 bytes).
    Removing stm32h7xx_hal_uart.o(.ARM.exidx.text.HAL_MultiProcessor_Init), (8 bytes).
    Removing stm32h7xx_hal_uart.o(.text.HAL_UART_DeInit), (62 bytes).
    Removing stm32h7xx_hal_uart.o(.ARM.exidx.text.HAL_UART_DeInit), (8 bytes).
    Removing stm32h7xx_hal_uart.o(.text.HAL_UART_MspDeInit), (2 bytes).
    Removing stm32h7xx_hal_uart.o(.ARM.exidx.text.HAL_UART_MspDeInit), (8 bytes).
    Removing stm32h7xx_hal_uart.o(.text.HAL_UART_Transmit), (218 bytes).
    Removing stm32h7xx_hal_uart.o(.ARM.exidx.text.HAL_UART_Transmit), (8 bytes).
    Removing stm32h7xx_hal_uart.o(.text.UART_WaitOnFlagUntilTimeout), (236 bytes).
    Removing stm32h7xx_hal_uart.o(.ARM.exidx.text.UART_WaitOnFlagUntilTimeout), (8 bytes).
    Removing stm32h7xx_hal_uart.o(.text.HAL_UART_Receive), (258 bytes).
    Removing stm32h7xx_hal_uart.o(.ARM.exidx.text.HAL_UART_Receive), (8 bytes).
    Removing stm32h7xx_hal_uart.o(.text.HAL_UART_Transmit_IT), (198 bytes).
    Removing stm32h7xx_hal_uart.o(.ARM.exidx.text.HAL_UART_Transmit_IT), (8 bytes).
    Removing stm32h7xx_hal_uart.o(.text.UART_TxISR_16BIT_FIFOEN), (114 bytes).
    Removing stm32h7xx_hal_uart.o(.ARM.exidx.text.UART_TxISR_16BIT_FIFOEN), (8 bytes).
    Removing stm32h7xx_hal_uart.o(.text.UART_TxISR_8BIT_FIFOEN), (110 bytes).
    Removing stm32h7xx_hal_uart.o(.ARM.exidx.text.UART_TxISR_8BIT_FIFOEN), (8 bytes).
    Removing stm32h7xx_hal_uart.o(.text.UART_TxISR_16BIT), (86 bytes).
    Removing stm32h7xx_hal_uart.o(.ARM.exidx.text.UART_TxISR_16BIT), (8 bytes).
    Removing stm32h7xx_hal_uart.o(.text.UART_TxISR_8BIT), (82 bytes).
    Removing stm32h7xx_hal_uart.o(.ARM.exidx.text.UART_TxISR_8BIT), (8 bytes).
    Removing stm32h7xx_hal_uart.o(.text.HAL_UART_Receive_IT), (106 bytes).
    Removing stm32h7xx_hal_uart.o(.ARM.exidx.text.HAL_UART_Receive_IT), (8 bytes).
    Removing stm32h7xx_hal_uart.o(.text.UART_Start_Receive_IT), (300 bytes).
    Removing stm32h7xx_hal_uart.o(.ARM.exidx.text.UART_Start_Receive_IT), (8 bytes).
    Removing stm32h7xx_hal_uart.o(.text.HAL_UART_Transmit_DMA), (172 bytes).
    Removing stm32h7xx_hal_uart.o(.ARM.exidx.text.HAL_UART_Transmit_DMA), (8 bytes).
    Removing stm32h7xx_hal_uart.o(.text.UART_DMATransmitCplt), (66 bytes).
    Removing stm32h7xx_hal_uart.o(.ARM.exidx.text.UART_DMATransmitCplt), (8 bytes).
    Removing stm32h7xx_hal_uart.o(.text.UART_DMATxHalfCplt), (10 bytes).
    Removing stm32h7xx_hal_uart.o(.ARM.exidx.text.UART_DMATxHalfCplt), (8 bytes).
    Removing stm32h7xx_hal_uart.o(.text.UART_DMAError), (84 bytes).
    Removing stm32h7xx_hal_uart.o(.ARM.exidx.text.UART_DMAError), (8 bytes).
    Removing stm32h7xx_hal_uart.o(.text.HAL_UART_Receive_DMA), (106 bytes).
    Removing stm32h7xx_hal_uart.o(.ARM.exidx.text.HAL_UART_Receive_DMA), (8 bytes).
    Removing stm32h7xx_hal_uart.o(.text.UART_Start_Receive_DMA), (168 bytes).
    Removing stm32h7xx_hal_uart.o(.ARM.exidx.text.UART_Start_Receive_DMA), (8 bytes).
    Removing stm32h7xx_hal_uart.o(.text.HAL_UART_DMAPause), (150 bytes).
    Removing stm32h7xx_hal_uart.o(.ARM.exidx.text.HAL_UART_DMAPause), (8 bytes).
    Removing stm32h7xx_hal_uart.o(.text.HAL_UART_DMAResume), (142 bytes).
    Removing stm32h7xx_hal_uart.o(.ARM.exidx.text.HAL_UART_DMAResume), (8 bytes).
    Removing stm32h7xx_hal_uart.o(.text.HAL_UART_DMAStop), (156 bytes).
    Removing stm32h7xx_hal_uart.o(.ARM.exidx.text.HAL_UART_DMAStop), (8 bytes).
    Removing stm32h7xx_hal_uart.o(.text.UART_EndTxTransfer), (48 bytes).
    Removing stm32h7xx_hal_uart.o(.ARM.exidx.text.UART_EndTxTransfer), (8 bytes).
    Removing stm32h7xx_hal_uart.o(.text.UART_EndRxTransfer), (90 bytes).
    Removing stm32h7xx_hal_uart.o(.ARM.exidx.text.UART_EndRxTransfer), (8 bytes).
    Removing stm32h7xx_hal_uart.o(.text.HAL_UART_Abort), (252 bytes).
    Removing stm32h7xx_hal_uart.o(.ARM.exidx.text.HAL_UART_Abort), (8 bytes).
    Removing stm32h7xx_hal_uart.o(.text.HAL_UART_AbortTransmit), (140 bytes).
    Removing stm32h7xx_hal_uart.o(.ARM.exidx.text.HAL_UART_AbortTransmit), (8 bytes).
    Removing stm32h7xx_hal_uart.o(.text.HAL_UART_AbortReceive), (168 bytes).
    Removing stm32h7xx_hal_uart.o(.ARM.exidx.text.HAL_UART_AbortReceive), (8 bytes).
    Removing stm32h7xx_hal_uart.o(.text.HAL_UART_Abort_IT), (294 bytes).
    Removing stm32h7xx_hal_uart.o(.ARM.exidx.text.HAL_UART_Abort_IT), (8 bytes).
    Removing stm32h7xx_hal_uart.o(.text.UART_DMATxAbortCallback), (78 bytes).
    Removing stm32h7xx_hal_uart.o(.ARM.exidx.text.UART_DMATxAbortCallback), (8 bytes).
    Removing stm32h7xx_hal_uart.o(.text.UART_DMARxAbortCallback), (66 bytes).
    Removing stm32h7xx_hal_uart.o(.ARM.exidx.text.UART_DMARxAbortCallback), (8 bytes).
    Removing stm32h7xx_hal_uart.o(.text.HAL_UART_AbortCpltCallback), (2 bytes).
    Removing stm32h7xx_hal_uart.o(.ARM.exidx.text.HAL_UART_AbortCpltCallback), (8 bytes).
    Removing stm32h7xx_hal_uart.o(.text.HAL_UART_AbortTransmit_IT), (168 bytes).
    Removing stm32h7xx_hal_uart.o(.ARM.exidx.text.HAL_UART_AbortTransmit_IT), (8 bytes).
    Removing stm32h7xx_hal_uart.o(.text.UART_DMATxOnlyAbortCallback), (40 bytes).
    Removing stm32h7xx_hal_uart.o(.ARM.exidx.text.UART_DMATxOnlyAbortCallback), (8 bytes).
    Removing stm32h7xx_hal_uart.o(.text.HAL_UART_AbortTransmitCpltCallback), (2 bytes).
    Removing stm32h7xx_hal_uart.o(.ARM.exidx.text.HAL_UART_AbortTransmitCpltCallback), (8 bytes).
    Removing stm32h7xx_hal_uart.o(.text.HAL_UART_AbortReceive_IT), (208 bytes).
    Removing stm32h7xx_hal_uart.o(.ARM.exidx.text.HAL_UART_AbortReceive_IT), (8 bytes).
    Removing stm32h7xx_hal_uart.o(.text.UART_DMARxOnlyAbortCallback), (38 bytes).
    Removing stm32h7xx_hal_uart.o(.ARM.exidx.text.UART_DMARxOnlyAbortCallback), (8 bytes).
    Removing stm32h7xx_hal_uart.o(.text.HAL_UART_AbortReceiveCpltCallback), (2 bytes).
    Removing stm32h7xx_hal_uart.o(.ARM.exidx.text.HAL_UART_AbortReceiveCpltCallback), (8 bytes).
    Removing stm32h7xx_hal_uart.o(.text.HAL_UART_IRQHandler), (982 bytes).
    Removing stm32h7xx_hal_uart.o(.ARM.exidx.text.HAL_UART_IRQHandler), (8 bytes).
    Removing stm32h7xx_hal_uart.o(.text.UART_DMAAbortOnError), (20 bytes).
    Removing stm32h7xx_hal_uart.o(.ARM.exidx.text.UART_DMAAbortOnError), (8 bytes).
    Removing stm32h7xx_hal_uart.o(.text.HAL_UART_ErrorCallback), (2 bytes).
    Removing stm32h7xx_hal_uart.o(.ARM.exidx.text.HAL_UART_ErrorCallback), (8 bytes).
    Removing stm32h7xx_hal_uart.o(.text.HAL_UARTEx_RxEventCallback), (2 bytes).
    Removing stm32h7xx_hal_uart.o(.ARM.exidx.text.HAL_UARTEx_RxEventCallback), (8 bytes).
    Removing stm32h7xx_hal_uart.o(.text.UART_EndTransmit_IT), (40 bytes).
    Removing stm32h7xx_hal_uart.o(.ARM.exidx.text.UART_EndTransmit_IT), (8 bytes).
    Removing stm32h7xx_hal_uart.o(.text.HAL_UART_TxCpltCallback), (2 bytes).
    Removing stm32h7xx_hal_uart.o(.ARM.exidx.text.HAL_UART_TxCpltCallback), (8 bytes).
    Removing stm32h7xx_hal_uart.o(.text.HAL_UART_TxHalfCpltCallback), (2 bytes).
    Removing stm32h7xx_hal_uart.o(.ARM.exidx.text.HAL_UART_TxHalfCpltCallback), (8 bytes).
    Removing stm32h7xx_hal_uart.o(.text.HAL_UART_RxCpltCallback), (2 bytes).
    Removing stm32h7xx_hal_uart.o(.ARM.exidx.text.HAL_UART_RxCpltCallback), (8 bytes).
    Removing stm32h7xx_hal_uart.o(.text.HAL_UART_RxHalfCpltCallback), (2 bytes).
    Removing stm32h7xx_hal_uart.o(.ARM.exidx.text.HAL_UART_RxHalfCpltCallback), (8 bytes).
    Removing stm32h7xx_hal_uart.o(.text.HAL_UART_ReceiverTimeout_Config), (28 bytes).
    Removing stm32h7xx_hal_uart.o(.ARM.exidx.text.HAL_UART_ReceiverTimeout_Config), (8 bytes).
    Removing stm32h7xx_hal_uart.o(.text.HAL_UART_EnableReceiverTimeout), (68 bytes).
    Removing stm32h7xx_hal_uart.o(.ARM.exidx.text.HAL_UART_EnableReceiverTimeout), (8 bytes).
    Removing stm32h7xx_hal_uart.o(.text.HAL_UART_DisableReceiverTimeout), (68 bytes).
    Removing stm32h7xx_hal_uart.o(.ARM.exidx.text.HAL_UART_DisableReceiverTimeout), (8 bytes).
    Removing stm32h7xx_hal_uart.o(.text.HAL_MultiProcessor_EnableMuteMode), (60 bytes).
    Removing stm32h7xx_hal_uart.o(.ARM.exidx.text.HAL_MultiProcessor_EnableMuteMode), (8 bytes).
    Removing stm32h7xx_hal_uart.o(.text.HAL_MultiProcessor_DisableMuteMode), (60 bytes).
    Removing stm32h7xx_hal_uart.o(.ARM.exidx.text.HAL_MultiProcessor_DisableMuteMode), (8 bytes).
    Removing stm32h7xx_hal_uart.o(.text.HAL_MultiProcessor_EnterMuteMode), (12 bytes).
    Removing stm32h7xx_hal_uart.o(.ARM.exidx.text.HAL_MultiProcessor_EnterMuteMode), (8 bytes).
    Removing stm32h7xx_hal_uart.o(.text.HAL_HalfDuplex_EnableTransmitter), (80 bytes).
    Removing stm32h7xx_hal_uart.o(.ARM.exidx.text.HAL_HalfDuplex_EnableTransmitter), (8 bytes).
    Removing stm32h7xx_hal_uart.o(.text.HAL_HalfDuplex_EnableReceiver), (80 bytes).
    Removing stm32h7xx_hal_uart.o(.ARM.exidx.text.HAL_HalfDuplex_EnableReceiver), (8 bytes).
    Removing stm32h7xx_hal_uart.o(.text.HAL_LIN_SendBreak), (44 bytes).
    Removing stm32h7xx_hal_uart.o(.ARM.exidx.text.HAL_LIN_SendBreak), (8 bytes).
    Removing stm32h7xx_hal_uart.o(.text.HAL_UART_GetState), (12 bytes).
    Removing stm32h7xx_hal_uart.o(.ARM.exidx.text.HAL_UART_GetState), (8 bytes).
    Removing stm32h7xx_hal_uart.o(.text.HAL_UART_GetError), (6 bytes).
    Removing stm32h7xx_hal_uart.o(.ARM.exidx.text.HAL_UART_GetError), (8 bytes).
    Removing stm32h7xx_hal_uart.o(.text.UART_RxISR_16BIT_FIFOEN), (412 bytes).
    Removing stm32h7xx_hal_uart.o(.ARM.exidx.text.UART_RxISR_16BIT_FIFOEN), (8 bytes).
    Removing stm32h7xx_hal_uart.o(.text.UART_RxISR_8BIT_FIFOEN), (416 bytes).
    Removing stm32h7xx_hal_uart.o(.ARM.exidx.text.UART_RxISR_8BIT_FIFOEN), (8 bytes).
    Removing stm32h7xx_hal_uart.o(.text.UART_RxISR_16BIT), (166 bytes).
    Removing stm32h7xx_hal_uart.o(.ARM.exidx.text.UART_RxISR_16BIT), (8 bytes).
    Removing stm32h7xx_hal_uart.o(.text.UART_RxISR_8BIT), (170 bytes).
    Removing stm32h7xx_hal_uart.o(.ARM.exidx.text.UART_RxISR_8BIT), (8 bytes).
    Removing stm32h7xx_hal_uart.o(.text.UART_DMAReceiveCplt), (134 bytes).
    Removing stm32h7xx_hal_uart.o(.ARM.exidx.text.UART_DMAReceiveCplt), (8 bytes).
    Removing stm32h7xx_hal_uart.o(.text.UART_DMARxHalfCplt), (28 bytes).
    Removing stm32h7xx_hal_uart.o(.ARM.exidx.text.UART_DMARxHalfCplt), (8 bytes).
    Removing stm32h7xx_hal_uart.o(.rodata.UARTPrescTable), (24 bytes).
    Removing stm32h7xx_hal_uart_ex.o(.text), (0 bytes).
    Removing stm32h7xx_hal_uart_ex.o(.text.HAL_RS485Ex_Init), (128 bytes).
    Removing stm32h7xx_hal_uart_ex.o(.ARM.exidx.text.HAL_RS485Ex_Init), (8 bytes).
    Removing stm32h7xx_hal_uart_ex.o(.text.HAL_UARTEx_WakeupCallback), (2 bytes).
    Removing stm32h7xx_hal_uart_ex.o(.ARM.exidx.text.HAL_UARTEx_WakeupCallback), (8 bytes).
    Removing stm32h7xx_hal_uart_ex.o(.text.HAL_UARTEx_RxFifoFullCallback), (2 bytes).
    Removing stm32h7xx_hal_uart_ex.o(.ARM.exidx.text.HAL_UARTEx_RxFifoFullCallback), (8 bytes).
    Removing stm32h7xx_hal_uart_ex.o(.text.HAL_UARTEx_TxFifoEmptyCallback), (2 bytes).
    Removing stm32h7xx_hal_uart_ex.o(.ARM.exidx.text.HAL_UARTEx_TxFifoEmptyCallback), (8 bytes).
    Removing stm32h7xx_hal_uart_ex.o(.text.HAL_MultiProcessorEx_AddressLength_Set), (48 bytes).
    Removing stm32h7xx_hal_uart_ex.o(.ARM.exidx.text.HAL_MultiProcessorEx_AddressLength_Set), (8 bytes).
    Removing stm32h7xx_hal_uart_ex.o(.text.HAL_UARTEx_StopModeWakeUpSourceConfig), (120 bytes).
    Removing stm32h7xx_hal_uart_ex.o(.ARM.exidx.text.HAL_UARTEx_StopModeWakeUpSourceConfig), (8 bytes).
    Removing stm32h7xx_hal_uart_ex.o(.text.UARTEx_Wakeup_AddressConfig), (28 bytes).
    Removing stm32h7xx_hal_uart_ex.o(.ARM.exidx.text.UARTEx_Wakeup_AddressConfig), (8 bytes).
    Removing stm32h7xx_hal_uart_ex.o(.text.HAL_UARTEx_EnableStopMode), (50 bytes).
    Removing stm32h7xx_hal_uart_ex.o(.ARM.exidx.text.HAL_UARTEx_EnableStopMode), (8 bytes).
    Removing stm32h7xx_hal_uart_ex.o(.text.HAL_UARTEx_DisableStopMode), (50 bytes).
    Removing stm32h7xx_hal_uart_ex.o(.ARM.exidx.text.HAL_UARTEx_DisableStopMode), (8 bytes).
    Removing stm32h7xx_hal_uart_ex.o(.text.HAL_UARTEx_EnableFifoMode), (72 bytes).
    Removing stm32h7xx_hal_uart_ex.o(.ARM.exidx.text.HAL_UARTEx_EnableFifoMode), (8 bytes).
    Removing stm32h7xx_hal_uart_ex.o(.text.UARTEx_SetNbDataToProcess), (84 bytes).
    Removing stm32h7xx_hal_uart_ex.o(.ARM.exidx.text.UARTEx_SetNbDataToProcess), (8 bytes).
    Removing stm32h7xx_hal_uart_ex.o(.text.HAL_UARTEx_DisableFifoMode), (54 bytes).
    Removing stm32h7xx_hal_uart_ex.o(.ARM.exidx.text.HAL_UARTEx_DisableFifoMode), (8 bytes).
    Removing stm32h7xx_hal_uart_ex.o(.text.HAL_UARTEx_SetTxFifoThreshold), (74 bytes).
    Removing stm32h7xx_hal_uart_ex.o(.ARM.exidx.text.HAL_UARTEx_SetTxFifoThreshold), (8 bytes).
    Removing stm32h7xx_hal_uart_ex.o(.text.HAL_UARTEx_SetRxFifoThreshold), (74 bytes).
    Removing stm32h7xx_hal_uart_ex.o(.ARM.exidx.text.HAL_UARTEx_SetRxFifoThreshold), (8 bytes).
    Removing stm32h7xx_hal_uart_ex.o(.text.HAL_UARTEx_ReceiveToIdle), (340 bytes).
    Removing stm32h7xx_hal_uart_ex.o(.ARM.exidx.text.HAL_UARTEx_ReceiveToIdle), (8 bytes).
    Removing stm32h7xx_hal_uart_ex.o(.text.HAL_UARTEx_ReceiveToIdle_IT), (94 bytes).
    Removing stm32h7xx_hal_uart_ex.o(.ARM.exidx.text.HAL_UARTEx_ReceiveToIdle_IT), (8 bytes).
    Removing stm32h7xx_hal_uart_ex.o(.text.HAL_UARTEx_ReceiveToIdle_DMA), (94 bytes).
    Removing stm32h7xx_hal_uart_ex.o(.ARM.exidx.text.HAL_UARTEx_ReceiveToIdle_DMA), (8 bytes).
    Removing stm32h7xx_hal_uart_ex.o(.rodata.cst8), (16 bytes).
    Removing system_stm32h7xx.o(.text), (0 bytes).
    Removing system_stm32h7xx.o(.ARM.exidx.text.SystemInit), (8 bytes).
    Removing system_stm32h7xx.o(.text.SystemCoreClockUpdate), (320 bytes).
    Removing system_stm32h7xx.o(.ARM.exidx.text.SystemCoreClockUpdate), (8 bytes).
    Removing key.o(.text), (0 bytes).
    Removing key.o(.ARM.exidx.text.KeyPinRead), (8 bytes).
    Removing key.o(.ARM.exidx.text.KeyPinSet), (8 bytes).
    Removing key.o(.ARM.exidx.text.KeyInit), (8 bytes).
    Removing key.o(.ARM.exidx.text.KeyGPIOConfig), (8 bytes).
    Removing key.o(.ARM.exidx.text.set_key_gpio_configed), (8 bytes).
    Removing key.o(.ARM.exidx.text.enableKey_GPIO_CLK), (8 bytes).
    Removing key.o(.ARM.exidx.text.KeyScan), (8 bytes).
    Removing key.o(.ARM.exidx.text.Key_FIFO_Put), (8 bytes).
    Removing key.o(.text.Key_FIFO_Clear), (14 bytes).
    Removing key.o(.ARM.exidx.text.Key_FIFO_Clear), (8 bytes).
    Removing key.o(.ARM.exidx.text.Key_FIFO_Get), (8 bytes).
    Removing key.o(.text.Key_FIFO_Get4x4ASCII), (64 bytes).
    Removing key.o(.ARM.exidx.text.Key_FIFO_Get4x4ASCII), (8 bytes).
    Removing key.o(.ARM.exidx.text.isKeyFIFOEmpty), (8 bytes).
    Removing key.o(.text.enable_key_up_envent), (12 bytes).
    Removing key.o(.ARM.exidx.text.enable_key_up_envent), (8 bytes).
    Removing key.o(.text.disable_key_up_envent), (14 bytes).
    Removing key.o(.ARM.exidx.text.disable_key_up_envent), (8 bytes).
    Removing key.o(.ARM.exidx.text.get_key_gpio_configed), (8 bytes).

1175 unused section(s) (total 76824 bytes) removed from the image.

==============================================================================

Image Symbol Table

    Local Symbols

    Symbol Name                              Value     Ov Type        Size  Object(Section)

    ../clib/microlib/division.c              0x00000000   Number         0  uldiv.o ABSOLUTE
    ../clib/microlib/init/entry.s            0x00000000   Number         0  entry.o ABSOLUTE
    ../clib/microlib/init/entry.s            0x00000000   Number         0  entry2.o ABSOLUTE
    ../clib/microlib/init/entry.s            0x00000000   Number         0  entry5.o ABSOLUTE
    ../clib/microlib/init/entry.s            0x00000000   Number         0  entry7a.o ABSOLUTE
    ../clib/microlib/init/entry.s            0x00000000   Number         0  entry7b.o ABSOLUTE
    ../clib/microlib/init/entry.s            0x00000000   Number         0  entry8a.o ABSOLUTE
    ../clib/microlib/init/entry.s            0x00000000   Number         0  entry8b.o ABSOLUTE
    ../clib/microlib/init/entry.s            0x00000000   Number         0  entry9a.o ABSOLUTE
    ../clib/microlib/init/entry.s            0x00000000   Number         0  entry9b.o ABSOLUTE
    ../clib/microlib/init/entry.s            0x00000000   Number         0  entry10a.o ABSOLUTE
    ../clib/microlib/init/entry.s            0x00000000   Number         0  entry10b.o ABSOLUTE
    ../clib/microlib/init/entry.s            0x00000000   Number         0  entry11a.o ABSOLUTE
    ../clib/microlib/init/entry.s            0x00000000   Number         0  entry11b.o ABSOLUTE
    ../clib/microlib/longlong.c              0x00000000   Number         0  llshl.o ABSOLUTE
    ../clib/microlib/longlong.c              0x00000000   Number         0  llushr.o ABSOLUTE
    ../clib/microlib/string/memset.c         0x00000000   Number         0  memseta.o ABSOLUTE
    Key.c                                    0x00000000   Number         0  key.o ABSOLUTE
    dc.s                                     0x00000000   Number         0  dc.o ABSOLUTE
    eth.c                                    0x00000000   Number         0  eth.o ABSOLUTE
    gpio.c                                   0x00000000   Number         0  gpio.o ABSOLUTE
    handlers.s                               0x00000000   Number         0  handlers.o ABSOLUTE
    init.s                                   0x00000000   Number         0  init.o ABSOLUTE
    main.c                                   0x00000000   Number         0  main.o ABSOLUTE
    startup_stm32h723xx.s                    0x00000000   Number         0  startup_stm32h723xx.o ABSOLUTE
    stm32h7xx_hal.c                          0x00000000   Number         0  stm32h7xx_hal.o ABSOLUTE
    stm32h7xx_hal_cortex.c                   0x00000000   Number         0  stm32h7xx_hal_cortex.o ABSOLUTE
    stm32h7xx_hal_dma.c                      0x00000000   Number         0  stm32h7xx_hal_dma.o ABSOLUTE
    stm32h7xx_hal_dma_ex.c                   0x00000000   Number         0  stm32h7xx_hal_dma_ex.o ABSOLUTE
    stm32h7xx_hal_eth.c                      0x00000000   Number         0  stm32h7xx_hal_eth.o ABSOLUTE
    stm32h7xx_hal_eth_ex.c                   0x00000000   Number         0  stm32h7xx_hal_eth_ex.o ABSOLUTE
    stm32h7xx_hal_exti.c                     0x00000000   Number         0  stm32h7xx_hal_exti.o ABSOLUTE
    stm32h7xx_hal_flash.c                    0x00000000   Number         0  stm32h7xx_hal_flash.o ABSOLUTE
    stm32h7xx_hal_flash_ex.c                 0x00000000   Number         0  stm32h7xx_hal_flash_ex.o ABSOLUTE
    stm32h7xx_hal_gpio.c                     0x00000000   Number         0  stm32h7xx_hal_gpio.o ABSOLUTE
    stm32h7xx_hal_hsem.c                     0x00000000   Number         0  stm32h7xx_hal_hsem.o ABSOLUTE
    stm32h7xx_hal_i2c.c                      0x00000000   Number         0  stm32h7xx_hal_i2c.o ABSOLUTE
    stm32h7xx_hal_i2c_ex.c                   0x00000000   Number         0  stm32h7xx_hal_i2c_ex.o ABSOLUTE
    stm32h7xx_hal_mdma.c                     0x00000000   Number         0  stm32h7xx_hal_mdma.o ABSOLUTE
    stm32h7xx_hal_msp.c                      0x00000000   Number         0  stm32h7xx_hal_msp.o ABSOLUTE
    stm32h7xx_hal_pwr.c                      0x00000000   Number         0  stm32h7xx_hal_pwr.o ABSOLUTE
    stm32h7xx_hal_pwr_ex.c                   0x00000000   Number         0  stm32h7xx_hal_pwr_ex.o ABSOLUTE
    stm32h7xx_hal_rcc.c                      0x00000000   Number         0  stm32h7xx_hal_rcc.o ABSOLUTE
    stm32h7xx_hal_rcc_ex.c                   0x00000000   Number         0  stm32h7xx_hal_rcc_ex.o ABSOLUTE
    stm32h7xx_hal_tim.c                      0x00000000   Number         0  stm32h7xx_hal_tim.o ABSOLUTE
    stm32h7xx_hal_tim_ex.c                   0x00000000   Number         0  stm32h7xx_hal_tim_ex.o ABSOLUTE
    stm32h7xx_hal_uart.c                     0x00000000   Number         0  stm32h7xx_hal_uart.o ABSOLUTE
    stm32h7xx_hal_uart_ex.c                  0x00000000   Number         0  stm32h7xx_hal_uart_ex.o ABSOLUTE
    stm32h7xx_it.c                           0x00000000   Number         0  stm32h7xx_it.o ABSOLUTE
    system_stm32h7xx.c                       0x00000000   Number         0  system_stm32h7xx.o ABSOLUTE
    usart.c                                  0x00000000   Number         0  usart.o ABSOLUTE
    usb_otg.c                                0x00000000   Number         0  usb_otg.o ABSOLUTE
    RESET                                    0x08000000   Section      716  startup_stm32h723xx.o(RESET)
    .ARM.Collect$$$$00000000                 0x080002cc   Section        0  entry.o(.ARM.Collect$$$$00000000)
    .ARM.Collect$$$$00000001                 0x080002cc   Section        4  entry2.o(.ARM.Collect$$$$00000001)
    .ARM.Collect$$$$00000004                 0x080002d0   Section        4  entry5.o(.ARM.Collect$$$$00000004)
    .ARM.Collect$$$$00000008                 0x080002d4   Section        0  entry7b.o(.ARM.Collect$$$$00000008)
    .ARM.Collect$$$$0000000A                 0x080002d4   Section        0  entry8b.o(.ARM.Collect$$$$0000000A)
    .ARM.Collect$$$$0000000B                 0x080002d4   Section        8  entry9a.o(.ARM.Collect$$$$0000000B)
    __lit__00000000                          0x080002dc   Data           4  entry2.o(.ARM.Collect$$$$00002712)
    .ARM.Collect$$$$0000000D                 0x080002dc   Section        0  entry10a.o(.ARM.Collect$$$$0000000D)
    .ARM.Collect$$$$0000000F                 0x080002dc   Section        0  entry11a.o(.ARM.Collect$$$$0000000F)
    .ARM.Collect$$$$00002712                 0x080002dc   Section        4  entry2.o(.ARM.Collect$$$$00002712)
    $v0                                      0x080002e0   Number         0  startup_stm32h723xx.o(.text)
    .text                                    0x080002e0   Section       36  startup_stm32h723xx.o(.text)
    .text                                    0x08000304   Section        0  memseta.o(.text)
    .text                                    0x08000328   Section       36  init.o(.text)
    [Anonymous Symbol]                       0x08000350   Section        0  stm32h7xx_it.o(.text.BusFault_Handler)
    [Anonymous Symbol]                       0x08000358   Section        0  stm32h7xx_it.o(.text.DebugMon_Handler)
    [Anonymous Symbol]                       0x08000360   Section        0  main.o(.text.Error_Handler)
    [Anonymous Symbol]                       0x08000370   Section        0  stm32h7xx_hal.o(.text.HAL_Delay)
    [Anonymous Symbol]                       0x08000398   Section        0  stm32h7xx_hal_gpio.o(.text.HAL_GPIO_Init)
    [Anonymous Symbol]                       0x08000538   Section        0  stm32h7xx_hal_gpio.o(.text.HAL_GPIO_TogglePin)
    [Anonymous Symbol]                       0x08000548   Section        0  stm32h7xx_hal_gpio.o(.text.HAL_GPIO_WritePin)
    [Anonymous Symbol]                       0x08000558   Section        0  stm32h7xx_hal.o(.text.HAL_GetTick)
    [Anonymous Symbol]                       0x08000568   Section        0  stm32h7xx_hal.o(.text.HAL_IncTick)
    [Anonymous Symbol]                       0x08000588   Section        0  stm32h7xx_hal.o(.text.HAL_Init)
    [Anonymous Symbol]                       0x080005f0   Section        0  stm32h7xx_hal.o(.text.HAL_InitTick)
    [Anonymous Symbol]                       0x08000648   Section        0  stm32h7xx_hal_msp.o(.text.HAL_MspInit)
    [Anonymous Symbol]                       0x08000668   Section        0  stm32h7xx_hal_cortex.o(.text.HAL_NVIC_SetPriority)
    [Anonymous Symbol]                       0x08000688   Section        0  stm32h7xx_hal_cortex.o(.text.HAL_NVIC_SetPriorityGrouping)
    [Anonymous Symbol]                       0x08000690   Section        0  stm32h7xx_hal_pwr_ex.o(.text.HAL_PWREx_ConfigSupply)
    [Anonymous Symbol]                       0x080006d8   Section        0  stm32h7xx_hal_rcc.o(.text.HAL_RCC_ClockConfig)
    [Anonymous Symbol]                       0x08000930   Section        0  stm32h7xx_hal_rcc.o(.text.HAL_RCC_DeInit)
    [Anonymous Symbol]                       0x08000af0   Section        0  stm32h7xx_hal_rcc.o(.text.HAL_RCC_GetSysClockFreq)
    [Anonymous Symbol]                       0x08000bf8   Section        0  stm32h7xx_hal_rcc.o(.text.HAL_RCC_OscConfig)
    [Anonymous Symbol]                       0x08001108   Section        0  stm32h7xx_hal_cortex.o(.text.HAL_SYSTICK_Config)
    [Anonymous Symbol]                       0x08001110   Section        0  stm32h7xx_it.o(.text.HardFault_Handler)
    [Anonymous Symbol]                       0x08001118   Section        0  main.o(.text.JunpToApp)
    [Anonymous Symbol]                       0x08001178   Section        0  key.o(.text.KeyGPIOConfig)
    [Anonymous Symbol]                       0x08001220   Section        0  key.o(.text.KeyInit)
    [Anonymous Symbol]                       0x080012e8   Section        0  key.o(.text.KeyPinRead)
    [Anonymous Symbol]                       0x080012f8   Section        0  key.o(.text.KeyPinSet)
    [Anonymous Symbol]                       0x08001308   Section        0  key.o(.text.KeyScan)
    [Anonymous Symbol]                       0x080014f0   Section        0  key.o(.text.Key_FIFO_Get)
    [Anonymous Symbol]                       0x08001518   Section        0  key.o(.text.Key_FIFO_Put)
    [Anonymous Symbol]                       0x08001538   Section        0  gpio.o(.text.MX_GPIO_Init)
    [Anonymous Symbol]                       0x080016a0   Section        0  stm32h7xx_it.o(.text.MemManage_Handler)
    [Anonymous Symbol]                       0x080016a8   Section        0  stm32h7xx_it.o(.text.NMI_Handler)
    NVIC_EncodePriority                      0x080016b1   Thumb Code    46  stm32h7xx_hal_cortex.o(.text.NVIC_EncodePriority)
    [Anonymous Symbol]                       0x080016b0   Section        0  stm32h7xx_hal_cortex.o(.text.NVIC_EncodePriority)
    [Anonymous Symbol]                       0x080016e0   Section        0  stm32h7xx_it.o(.text.PendSV_Handler)
    [Anonymous Symbol]                       0x080016e8   Section        0  stm32h7xx_it.o(.text.SVC_Handler)
    SysTick_Config                           0x080016f1   Thumb Code    46  stm32h7xx_hal_cortex.o(.text.SysTick_Config)
    [Anonymous Symbol]                       0x080016f0   Section        0  stm32h7xx_hal_cortex.o(.text.SysTick_Config)
    [Anonymous Symbol]                       0x08001720   Section        0  stm32h7xx_it.o(.text.SysTick_Handler)
    [Anonymous Symbol]                       0x08001728   Section        0  main.o(.text.SystemClock_Config)
    [Anonymous Symbol]                       0x080017d8   Section        0  system_stm32h7xx.o(.text.SystemInit)
    [Anonymous Symbol]                       0x08001888   Section        0  stm32h7xx_it.o(.text.UsageFault_Handler)
    __NVIC_GetPriorityGrouping               0x08001891   Thumb Code    16  stm32h7xx_hal_cortex.o(.text.__NVIC_GetPriorityGrouping)
    [Anonymous Symbol]                       0x08001890   Section        0  stm32h7xx_hal_cortex.o(.text.__NVIC_GetPriorityGrouping)
    __NVIC_SetPriority                       0x080018a1   Thumb Code    34  stm32h7xx_hal_cortex.o(.text.__NVIC_SetPriority)
    [Anonymous Symbol]                       0x080018a0   Section        0  stm32h7xx_hal_cortex.o(.text.__NVIC_SetPriority)
    __NVIC_SetPriorityGrouping               0x080018c9   Thumb Code    32  stm32h7xx_hal_cortex.o(.text.__NVIC_SetPriorityGrouping)
    [Anonymous Symbol]                       0x080018c8   Section        0  stm32h7xx_hal_cortex.o(.text.__NVIC_SetPriorityGrouping)
    [Anonymous Symbol]                       0x080018e8   Section        0  key.o(.text.enableKey_GPIO_CLK)
    [Anonymous Symbol]                       0x080019d8   Section        0  key.o(.text.get_key_gpio_configed)
    [Anonymous Symbol]                       0x080019e8   Section        0  key.o(.text.isKeyFIFOEmpty)
    [Anonymous Symbol]                       0x08001a00   Section        0  main.o(.text.main)
    [Anonymous Symbol]                       0x08001a90   Section        0  key.o(.text.set_key_gpio_configed)
    i.__scatterload_copy                     0x08001a9c   Section       14  handlers.o(i.__scatterload_copy)
    i.__scatterload_null                     0x08001aaa   Section        2  handlers.o(i.__scatterload_null)
    i.__scatterload_zeroinit                 0x08001aac   Section       14  handlers.o(i.__scatterload_zeroinit)
    KeyScan.keyout                           0x24000138   Data           1  key.o(.bss.KeyScan.keyout)
    [Anonymous Symbol]                       0x24000138   Section        0  key.o(.bss.KeyScan.keyout)
    s_tKey                                   0x2400015e   Data          12  key.o(.bss.s_tKey)
    [Anonymous Symbol]                       0x2400015e   Section        0  key.o(.bss.s_tKey)
    STACK                                    0x24000170   Section     1024  startup_stm32h723xx.o(STACK)

    Global Symbols

    Symbol Name                              Value     Ov Type        Size  Object(Section)

    BuildAttributes$$THM_ISAv4$E$P$D$K$B$S$7EM$VFPv5_D16$PE$PLD8$A:L22UL41UL21$X:L11$S22US41US21$IEEE1$IW$~IW$USESV6$~STKCKD$USESV7$~SHL$OTIME$EBA8$MICROLIB$REQ8$PRES8$EABIv2 0x00000000   Number         0  anon$$obj.o ABSOLUTE
    __cpp_initialize__aeabi_                  - Undefined Weak Reference
    __cxa_finalize                            - Undefined Weak Reference
    __decompress                              - Undefined Weak Reference
    _clock_init                               - Undefined Weak Reference
    _microlib_exit                            - Undefined Weak Reference
    __Vectors_Size                           0x000002cc   Number         0  startup_stm32h723xx.o ABSOLUTE
    __Vectors                                0x08000000   Data           4  startup_stm32h723xx.o(RESET)
    __Vectors_End                            0x080002cc   Data           0  startup_stm32h723xx.o(RESET)
    __main                                   0x080002cd   Thumb Code     0  entry.o(.ARM.Collect$$$$00000000)
    _main_stk                                0x080002cd   Thumb Code     0  entry2.o(.ARM.Collect$$$$00000001)
    _main_scatterload                        0x080002d1   Thumb Code     0  entry5.o(.ARM.Collect$$$$00000004)
    __main_after_scatterload                 0x080002d5   Thumb Code     0  entry5.o(.ARM.Collect$$$$00000004)
    _main_clock                              0x080002d5   Thumb Code     0  entry7b.o(.ARM.Collect$$$$00000008)
    _main_cpp_init                           0x080002d5   Thumb Code     0  entry8b.o(.ARM.Collect$$$$0000000A)
    _main_init                               0x080002d5   Thumb Code     0  entry9a.o(.ARM.Collect$$$$0000000B)
    __rt_final_cpp                           0x080002dd   Thumb Code     0  entry10a.o(.ARM.Collect$$$$0000000D)
    __rt_final_exit                          0x080002dd   Thumb Code     0  entry11a.o(.ARM.Collect$$$$0000000F)
    Reset_Handler                            0x080002e1   Thumb Code     8  startup_stm32h723xx.o(.text)
    ADC3_IRQHandler                          0x080002fb   Thumb Code     0  startup_stm32h723xx.o(.text)
    ADC_IRQHandler                           0x080002fb   Thumb Code     0  startup_stm32h723xx.o(.text)
    BDMA_Channel0_IRQHandler                 0x080002fb   Thumb Code     0  startup_stm32h723xx.o(.text)
    BDMA_Channel1_IRQHandler                 0x080002fb   Thumb Code     0  startup_stm32h723xx.o(.text)
    BDMA_Channel2_IRQHandler                 0x080002fb   Thumb Code     0  startup_stm32h723xx.o(.text)
    BDMA_Channel3_IRQHandler                 0x080002fb   Thumb Code     0  startup_stm32h723xx.o(.text)
    BDMA_Channel4_IRQHandler                 0x080002fb   Thumb Code     0  startup_stm32h723xx.o(.text)
    BDMA_Channel5_IRQHandler                 0x080002fb   Thumb Code     0  startup_stm32h723xx.o(.text)
    BDMA_Channel6_IRQHandler                 0x080002fb   Thumb Code     0  startup_stm32h723xx.o(.text)
    BDMA_Channel7_IRQHandler                 0x080002fb   Thumb Code     0  startup_stm32h723xx.o(.text)
    CEC_IRQHandler                           0x080002fb   Thumb Code     0  startup_stm32h723xx.o(.text)
    COMP1_IRQHandler                         0x080002fb   Thumb Code     0  startup_stm32h723xx.o(.text)
    CORDIC_IRQHandler                        0x080002fb   Thumb Code     0  startup_stm32h723xx.o(.text)
    CRS_IRQHandler                           0x080002fb   Thumb Code     0  startup_stm32h723xx.o(.text)
    DCMI_PSSI_IRQHandler                     0x080002fb   Thumb Code     0  startup_stm32h723xx.o(.text)
    DFSDM1_FLT0_IRQHandler                   0x080002fb   Thumb Code     0  startup_stm32h723xx.o(.text)
    DFSDM1_FLT1_IRQHandler                   0x080002fb   Thumb Code     0  startup_stm32h723xx.o(.text)
    DFSDM1_FLT2_IRQHandler                   0x080002fb   Thumb Code     0  startup_stm32h723xx.o(.text)
    DFSDM1_FLT3_IRQHandler                   0x080002fb   Thumb Code     0  startup_stm32h723xx.o(.text)
    DMA1_Stream0_IRQHandler                  0x080002fb   Thumb Code     0  startup_stm32h723xx.o(.text)
    DMA1_Stream1_IRQHandler                  0x080002fb   Thumb Code     0  startup_stm32h723xx.o(.text)
    DMA1_Stream2_IRQHandler                  0x080002fb   Thumb Code     0  startup_stm32h723xx.o(.text)
    DMA1_Stream3_IRQHandler                  0x080002fb   Thumb Code     0  startup_stm32h723xx.o(.text)
    DMA1_Stream4_IRQHandler                  0x080002fb   Thumb Code     0  startup_stm32h723xx.o(.text)
    DMA1_Stream5_IRQHandler                  0x080002fb   Thumb Code     0  startup_stm32h723xx.o(.text)
    DMA1_Stream6_IRQHandler                  0x080002fb   Thumb Code     0  startup_stm32h723xx.o(.text)
    DMA1_Stream7_IRQHandler                  0x080002fb   Thumb Code     0  startup_stm32h723xx.o(.text)
    DMA2D_IRQHandler                         0x080002fb   Thumb Code     0  startup_stm32h723xx.o(.text)
    DMA2_Stream0_IRQHandler                  0x080002fb   Thumb Code     0  startup_stm32h723xx.o(.text)
    DMA2_Stream1_IRQHandler                  0x080002fb   Thumb Code     0  startup_stm32h723xx.o(.text)
    DMA2_Stream2_IRQHandler                  0x080002fb   Thumb Code     0  startup_stm32h723xx.o(.text)
    DMA2_Stream3_IRQHandler                  0x080002fb   Thumb Code     0  startup_stm32h723xx.o(.text)
    DMA2_Stream4_IRQHandler                  0x080002fb   Thumb Code     0  startup_stm32h723xx.o(.text)
    DMA2_Stream5_IRQHandler                  0x080002fb   Thumb Code     0  startup_stm32h723xx.o(.text)
    DMA2_Stream6_IRQHandler                  0x080002fb   Thumb Code     0  startup_stm32h723xx.o(.text)
    DMA2_Stream7_IRQHandler                  0x080002fb   Thumb Code     0  startup_stm32h723xx.o(.text)
    DMAMUX1_OVR_IRQHandler                   0x080002fb   Thumb Code     0  startup_stm32h723xx.o(.text)
    DMAMUX2_OVR_IRQHandler                   0x080002fb   Thumb Code     0  startup_stm32h723xx.o(.text)
    DTS_IRQHandler                           0x080002fb   Thumb Code     0  startup_stm32h723xx.o(.text)
    ECC_IRQHandler                           0x080002fb   Thumb Code     0  startup_stm32h723xx.o(.text)
    ETH_IRQHandler                           0x080002fb   Thumb Code     0  startup_stm32h723xx.o(.text)
    ETH_WKUP_IRQHandler                      0x080002fb   Thumb Code     0  startup_stm32h723xx.o(.text)
    EXTI0_IRQHandler                         0x080002fb   Thumb Code     0  startup_stm32h723xx.o(.text)
    EXTI15_10_IRQHandler                     0x080002fb   Thumb Code     0  startup_stm32h723xx.o(.text)
    EXTI1_IRQHandler                         0x080002fb   Thumb Code     0  startup_stm32h723xx.o(.text)
    EXTI2_IRQHandler                         0x080002fb   Thumb Code     0  startup_stm32h723xx.o(.text)
    EXTI3_IRQHandler                         0x080002fb   Thumb Code     0  startup_stm32h723xx.o(.text)
    EXTI4_IRQHandler                         0x080002fb   Thumb Code     0  startup_stm32h723xx.o(.text)
    EXTI9_5_IRQHandler                       0x080002fb   Thumb Code     0  startup_stm32h723xx.o(.text)
    FDCAN1_IT0_IRQHandler                    0x080002fb   Thumb Code     0  startup_stm32h723xx.o(.text)
    FDCAN1_IT1_IRQHandler                    0x080002fb   Thumb Code     0  startup_stm32h723xx.o(.text)
    FDCAN2_IT0_IRQHandler                    0x080002fb   Thumb Code     0  startup_stm32h723xx.o(.text)
    FDCAN2_IT1_IRQHandler                    0x080002fb   Thumb Code     0  startup_stm32h723xx.o(.text)
    FDCAN3_IT0_IRQHandler                    0x080002fb   Thumb Code     0  startup_stm32h723xx.o(.text)
    FDCAN3_IT1_IRQHandler                    0x080002fb   Thumb Code     0  startup_stm32h723xx.o(.text)
    FDCAN_CAL_IRQHandler                     0x080002fb   Thumb Code     0  startup_stm32h723xx.o(.text)
    FLASH_IRQHandler                         0x080002fb   Thumb Code     0  startup_stm32h723xx.o(.text)
    FMAC_IRQHandler                          0x080002fb   Thumb Code     0  startup_stm32h723xx.o(.text)
    FMC_IRQHandler                           0x080002fb   Thumb Code     0  startup_stm32h723xx.o(.text)
    FPU_IRQHandler                           0x080002fb   Thumb Code     0  startup_stm32h723xx.o(.text)
    HSEM1_IRQHandler                         0x080002fb   Thumb Code     0  startup_stm32h723xx.o(.text)
    I2C1_ER_IRQHandler                       0x080002fb   Thumb Code     0  startup_stm32h723xx.o(.text)
    I2C1_EV_IRQHandler                       0x080002fb   Thumb Code     0  startup_stm32h723xx.o(.text)
    I2C2_ER_IRQHandler                       0x080002fb   Thumb Code     0  startup_stm32h723xx.o(.text)
    I2C2_EV_IRQHandler                       0x080002fb   Thumb Code     0  startup_stm32h723xx.o(.text)
    I2C3_ER_IRQHandler                       0x080002fb   Thumb Code     0  startup_stm32h723xx.o(.text)
    I2C3_EV_IRQHandler                       0x080002fb   Thumb Code     0  startup_stm32h723xx.o(.text)
    I2C4_ER_IRQHandler                       0x080002fb   Thumb Code     0  startup_stm32h723xx.o(.text)
    I2C4_EV_IRQHandler                       0x080002fb   Thumb Code     0  startup_stm32h723xx.o(.text)
    I2C5_ER_IRQHandler                       0x080002fb   Thumb Code     0  startup_stm32h723xx.o(.text)
    I2C5_EV_IRQHandler                       0x080002fb   Thumb Code     0  startup_stm32h723xx.o(.text)
    LPTIM1_IRQHandler                        0x080002fb   Thumb Code     0  startup_stm32h723xx.o(.text)
    LPTIM2_IRQHandler                        0x080002fb   Thumb Code     0  startup_stm32h723xx.o(.text)
    LPTIM3_IRQHandler                        0x080002fb   Thumb Code     0  startup_stm32h723xx.o(.text)
    LPTIM4_IRQHandler                        0x080002fb   Thumb Code     0  startup_stm32h723xx.o(.text)
    LPTIM5_IRQHandler                        0x080002fb   Thumb Code     0  startup_stm32h723xx.o(.text)
    LPUART1_IRQHandler                       0x080002fb   Thumb Code     0  startup_stm32h723xx.o(.text)
    LTDC_ER_IRQHandler                       0x080002fb   Thumb Code     0  startup_stm32h723xx.o(.text)
    LTDC_IRQHandler                          0x080002fb   Thumb Code     0  startup_stm32h723xx.o(.text)
    MDIOS_IRQHandler                         0x080002fb   Thumb Code     0  startup_stm32h723xx.o(.text)
    MDIOS_WKUP_IRQHandler                    0x080002fb   Thumb Code     0  startup_stm32h723xx.o(.text)
    MDMA_IRQHandler                          0x080002fb   Thumb Code     0  startup_stm32h723xx.o(.text)
    OCTOSPI1_IRQHandler                      0x080002fb   Thumb Code     0  startup_stm32h723xx.o(.text)
    OCTOSPI2_IRQHandler                      0x080002fb   Thumb Code     0  startup_stm32h723xx.o(.text)
    OTG_HS_EP1_IN_IRQHandler                 0x080002fb   Thumb Code     0  startup_stm32h723xx.o(.text)
    OTG_HS_EP1_OUT_IRQHandler                0x080002fb   Thumb Code     0  startup_stm32h723xx.o(.text)
    OTG_HS_IRQHandler                        0x080002fb   Thumb Code     0  startup_stm32h723xx.o(.text)
    OTG_HS_WKUP_IRQHandler                   0x080002fb   Thumb Code     0  startup_stm32h723xx.o(.text)
    PVD_AVD_IRQHandler                       0x080002fb   Thumb Code     0  startup_stm32h723xx.o(.text)
    RCC_IRQHandler                           0x080002fb   Thumb Code     0  startup_stm32h723xx.o(.text)
    RNG_IRQHandler                           0x080002fb   Thumb Code     0  startup_stm32h723xx.o(.text)
    RTC_Alarm_IRQHandler                     0x080002fb   Thumb Code     0  startup_stm32h723xx.o(.text)
    RTC_WKUP_IRQHandler                      0x080002fb   Thumb Code     0  startup_stm32h723xx.o(.text)
    SAI1_IRQHandler                          0x080002fb   Thumb Code     0  startup_stm32h723xx.o(.text)
    SAI4_IRQHandler                          0x080002fb   Thumb Code     0  startup_stm32h723xx.o(.text)
    SDMMC1_IRQHandler                        0x080002fb   Thumb Code     0  startup_stm32h723xx.o(.text)
    SDMMC2_IRQHandler                        0x080002fb   Thumb Code     0  startup_stm32h723xx.o(.text)
    SPDIF_RX_IRQHandler                      0x080002fb   Thumb Code     0  startup_stm32h723xx.o(.text)
    SPI1_IRQHandler                          0x080002fb   Thumb Code     0  startup_stm32h723xx.o(.text)
    SPI2_IRQHandler                          0x080002fb   Thumb Code     0  startup_stm32h723xx.o(.text)
    SPI3_IRQHandler                          0x080002fb   Thumb Code     0  startup_stm32h723xx.o(.text)
    SPI4_IRQHandler                          0x080002fb   Thumb Code     0  startup_stm32h723xx.o(.text)
    SPI5_IRQHandler                          0x080002fb   Thumb Code     0  startup_stm32h723xx.o(.text)
    SPI6_IRQHandler                          0x080002fb   Thumb Code     0  startup_stm32h723xx.o(.text)
    SWPMI1_IRQHandler                        0x080002fb   Thumb Code     0  startup_stm32h723xx.o(.text)
    TAMP_STAMP_IRQHandler                    0x080002fb   Thumb Code     0  startup_stm32h723xx.o(.text)
    TIM15_IRQHandler                         0x080002fb   Thumb Code     0  startup_stm32h723xx.o(.text)
    TIM16_IRQHandler                         0x080002fb   Thumb Code     0  startup_stm32h723xx.o(.text)
    TIM17_IRQHandler                         0x080002fb   Thumb Code     0  startup_stm32h723xx.o(.text)
    TIM1_BRK_IRQHandler                      0x080002fb   Thumb Code     0  startup_stm32h723xx.o(.text)
    TIM1_CC_IRQHandler                       0x080002fb   Thumb Code     0  startup_stm32h723xx.o(.text)
    TIM1_TRG_COM_IRQHandler                  0x080002fb   Thumb Code     0  startup_stm32h723xx.o(.text)
    TIM1_UP_IRQHandler                       0x080002fb   Thumb Code     0  startup_stm32h723xx.o(.text)
    TIM23_IRQHandler                         0x080002fb   Thumb Code     0  startup_stm32h723xx.o(.text)
    TIM24_IRQHandler                         0x080002fb   Thumb Code     0  startup_stm32h723xx.o(.text)
    TIM2_IRQHandler                          0x080002fb   Thumb Code     0  startup_stm32h723xx.o(.text)
    TIM3_IRQHandler                          0x080002fb   Thumb Code     0  startup_stm32h723xx.o(.text)
    TIM4_IRQHandler                          0x080002fb   Thumb Code     0  startup_stm32h723xx.o(.text)
    TIM5_IRQHandler                          0x080002fb   Thumb Code     0  startup_stm32h723xx.o(.text)
    TIM6_DAC_IRQHandler                      0x080002fb   Thumb Code     0  startup_stm32h723xx.o(.text)
    TIM7_IRQHandler                          0x080002fb   Thumb Code     0  startup_stm32h723xx.o(.text)
    TIM8_BRK_TIM12_IRQHandler                0x080002fb   Thumb Code     0  startup_stm32h723xx.o(.text)
    TIM8_CC_IRQHandler                       0x080002fb   Thumb Code     0  startup_stm32h723xx.o(.text)
    TIM8_TRG_COM_TIM14_IRQHandler            0x080002fb   Thumb Code     0  startup_stm32h723xx.o(.text)
    TIM8_UP_TIM13_IRQHandler                 0x080002fb   Thumb Code     0  startup_stm32h723xx.o(.text)
    UART4_IRQHandler                         0x080002fb   Thumb Code     0  startup_stm32h723xx.o(.text)
    UART5_IRQHandler                         0x080002fb   Thumb Code     0  startup_stm32h723xx.o(.text)
    UART7_IRQHandler                         0x080002fb   Thumb Code     0  startup_stm32h723xx.o(.text)
    UART8_IRQHandler                         0x080002fb   Thumb Code     0  startup_stm32h723xx.o(.text)
    UART9_IRQHandler                         0x080002fb   Thumb Code     0  startup_stm32h723xx.o(.text)
    USART10_IRQHandler                       0x080002fb   Thumb Code     0  startup_stm32h723xx.o(.text)
    USART1_IRQHandler                        0x080002fb   Thumb Code     0  startup_stm32h723xx.o(.text)
    USART2_IRQHandler                        0x080002fb   Thumb Code     0  startup_stm32h723xx.o(.text)
    USART3_IRQHandler                        0x080002fb   Thumb Code     0  startup_stm32h723xx.o(.text)
    USART6_IRQHandler                        0x080002fb   Thumb Code     0  startup_stm32h723xx.o(.text)
    WAKEUP_PIN_IRQHandler                    0x080002fb   Thumb Code     0  startup_stm32h723xx.o(.text)
    WWDG_IRQHandler                          0x080002fb   Thumb Code     0  startup_stm32h723xx.o(.text)
    __aeabi_memset                           0x08000305   Thumb Code    14  memseta.o(.text)
    __aeabi_memset4                          0x08000305   Thumb Code     0  memseta.o(.text)
    __aeabi_memset8                          0x08000305   Thumb Code     0  memseta.o(.text)
    __aeabi_memclr                           0x08000313   Thumb Code     4  memseta.o(.text)
    __aeabi_memclr4                          0x08000313   Thumb Code     0  memseta.o(.text)
    __aeabi_memclr8                          0x08000313   Thumb Code     0  memseta.o(.text)
    _memset$wrapper                          0x08000317   Thumb Code    18  memseta.o(.text)
    __scatterload                            0x08000329   Thumb Code    28  init.o(.text)
    __scatterload_rt2                        0x08000329   Thumb Code     0  init.o(.text)
    BusFault_Handler                         0x08000351   Thumb Code     2  stm32h7xx_it.o(.text.BusFault_Handler)
    DebugMon_Handler                         0x08000359   Thumb Code     2  stm32h7xx_it.o(.text.DebugMon_Handler)
    Error_Handler                            0x08000361   Thumb Code    10  main.o(.text.Error_Handler)
    HAL_Delay                                0x08000371   Thumb Code    40  stm32h7xx_hal.o(.text.HAL_Delay)
    HAL_GPIO_Init                            0x08000399   Thumb Code   416  stm32h7xx_hal_gpio.o(.text.HAL_GPIO_Init)
    HAL_GPIO_TogglePin                       0x08000539   Thumb Code    16  stm32h7xx_hal_gpio.o(.text.HAL_GPIO_TogglePin)
    HAL_GPIO_WritePin                        0x08000549   Thumb Code    10  stm32h7xx_hal_gpio.o(.text.HAL_GPIO_WritePin)
    HAL_GetTick                              0x08000559   Thumb Code    12  stm32h7xx_hal.o(.text.HAL_GetTick)
    HAL_IncTick                              0x08000569   Thumb Code    26  stm32h7xx_hal.o(.text.HAL_IncTick)
    HAL_Init                                 0x08000589   Thumb Code   100  stm32h7xx_hal.o(.text.HAL_Init)
    HAL_InitTick                             0x080005f1   Thumb Code    84  stm32h7xx_hal.o(.text.HAL_InitTick)
    HAL_MspInit                              0x08000649   Thumb Code    32  stm32h7xx_hal_msp.o(.text.HAL_MspInit)
    HAL_NVIC_SetPriority                     0x08000669   Thumb Code    30  stm32h7xx_hal_cortex.o(.text.HAL_NVIC_SetPriority)
    HAL_NVIC_SetPriorityGrouping             0x08000689   Thumb Code     8  stm32h7xx_hal_cortex.o(.text.HAL_NVIC_SetPriorityGrouping)
    HAL_PWREx_ConfigSupply                   0x08000691   Thumb Code    72  stm32h7xx_hal_pwr_ex.o(.text.HAL_PWREx_ConfigSupply)
    HAL_RCC_ClockConfig                      0x080006d9   Thumb Code   596  stm32h7xx_hal_rcc.o(.text.HAL_RCC_ClockConfig)
    HAL_RCC_DeInit                           0x08000931   Thumb Code   442  stm32h7xx_hal_rcc.o(.text.HAL_RCC_DeInit)
    HAL_RCC_GetSysClockFreq                  0x08000af1   Thumb Code   264  stm32h7xx_hal_rcc.o(.text.HAL_RCC_GetSysClockFreq)
    HAL_RCC_OscConfig                        0x08000bf9   Thumb Code  1290  stm32h7xx_hal_rcc.o(.text.HAL_RCC_OscConfig)
    HAL_SYSTICK_Config                       0x08001109   Thumb Code     8  stm32h7xx_hal_cortex.o(.text.HAL_SYSTICK_Config)
    HardFault_Handler                        0x08001111   Thumb Code     2  stm32h7xx_it.o(.text.HardFault_Handler)
    JunpToApp                                0x08001119   Thumb Code    94  main.o(.text.JunpToApp)
    KeyGPIOConfig                            0x08001179   Thumb Code   164  key.o(.text.KeyGPIOConfig)
    KeyInit                                  0x08001221   Thumb Code   194  key.o(.text.KeyInit)
    KeyPinRead                               0x080012e9   Thumb Code    12  key.o(.text.KeyPinRead)
    KeyPinSet                                0x080012f9   Thumb Code    14  key.o(.text.KeyPinSet)
    KeyScan                                  0x08001309   Thumb Code   482  key.o(.text.KeyScan)
    Key_FIFO_Get                             0x080014f1   Thumb Code    40  key.o(.text.Key_FIFO_Get)
    Key_FIFO_Put                             0x08001519   Thumb Code    28  key.o(.text.Key_FIFO_Put)
    MX_GPIO_Init                             0x08001539   Thumb Code   354  gpio.o(.text.MX_GPIO_Init)
    MemManage_Handler                        0x080016a1   Thumb Code     2  stm32h7xx_it.o(.text.MemManage_Handler)
    NMI_Handler                              0x080016a9   Thumb Code     2  stm32h7xx_it.o(.text.NMI_Handler)
    PendSV_Handler                           0x080016e1   Thumb Code     2  stm32h7xx_it.o(.text.PendSV_Handler)
    SVC_Handler                              0x080016e9   Thumb Code     2  stm32h7xx_it.o(.text.SVC_Handler)
    SysTick_Handler                          0x08001721   Thumb Code     8  stm32h7xx_it.o(.text.SysTick_Handler)
    SystemClock_Config                       0x08001729   Thumb Code   170  main.o(.text.SystemClock_Config)
    SystemInit                               0x080017d9   Thumb Code   176  system_stm32h7xx.o(.text.SystemInit)
    UsageFault_Handler                       0x08001889   Thumb Code     2  stm32h7xx_it.o(.text.UsageFault_Handler)
    enableKey_GPIO_CLK                       0x080018e9   Thumb Code   236  key.o(.text.enableKey_GPIO_CLK)
    get_key_gpio_configed                    0x080019d9   Thumb Code    12  key.o(.text.get_key_gpio_configed)
    isKeyFIFOEmpty                           0x080019e9   Thumb Code    22  key.o(.text.isKeyFIFOEmpty)
    main                                     0x08001a01   Thumb Code   142  main.o(.text.main)
    set_key_gpio_configed                    0x08001a91   Thumb Code    12  key.o(.text.set_key_gpio_configed)
    __scatterload_copy                       0x08001a9d   Thumb Code    14  handlers.o(i.__scatterload_copy)
    __scatterload_null                       0x08001aab   Thumb Code     2  handlers.o(i.__scatterload_null)
    __scatterload_zeroinit                   0x08001aad   Thumb Code    14  handlers.o(i.__scatterload_zeroinit)
    D1CorePrescTable                         0x08001aba   Data          16  system_stm32h7xx.o(.rodata.D1CorePrescTable)
    Region$$Table$$Base                      0x08001acc   Number         0  anon$$obj.o(Region$$Table)
    Region$$Table$$Limit                     0x08001aec   Number         0  anon$$obj.o(Region$$Table)
    MATRIX_KEY_READ_PIN_NUM                  0x24000000   Data           4  key.o(.data.MATRIX_KEY_READ_PIN_NUM)
    MATRIX_KEY_SET_PIN_NUM                   0x24000004   Data           4  key.o(.data.MATRIX_KEY_SET_PIN_NUM)
    SystemCoreClock                          0x24000008   Data           4  system_stm32h7xx.o(.data.SystemCoreClock)
    SystemD2Clock                            0x2400000c   Data           4  system_stm32h7xx.o(.data.SystemD2Clock)
    uwTickFreq                               0x24000010   Data           1  stm32h7xx_hal.o(.data.uwTickFreq)
    uwTickPrio                               0x24000014   Data           4  stm32h7xx_hal.o(.data.uwTickPrio)
    KeyInPins                                0x24000018   Data          32  key.o(.bss.KeyInPins)
    KeyMat                                   0x24000038   Data         256  key.o(.bss.KeyMat)
    KeySetPins                               0x2400013c   Data          32  key.o(.bss.KeySetPins)
    enable_key_up_envent_flag                0x2400015c   Data           1  key.o(.bss.enable_key_up_envent_flag)
    key_gpio_configed                        0x2400015d   Data           1  key.o(.bss.key_gpio_configed)
    uwTick                                   0x2400016c   Data           4  stm32h7xx_hal.o(.bss.uwTick)
    __initial_sp                             0x24000570   Data           0  startup_stm32h723xx.o(STACK)



==============================================================================

Memory Map of the image

  Image Entry point : 0x080002cd

  Load Region LR_IROM1 (Base: 0x08000000, Size: 0x00001b08, Max: 0x00100000, ABSOLUTE)

    Execution Region ER_IROM1 (Exec base: 0x08000000, Load base: 0x08000000, Size: 0x00001aec, Max: 0x00100000, ABSOLUTE)

    Exec Addr    Load Addr    Size         Type   Attr      Idx    E Section Name        Object

    0x08000000   0x08000000   0x000002cc   Data   RO            3    RESET               startup_stm32h723xx.o
    0x080002cc   0x080002cc   0x00000000   Code   RO         1444  * .ARM.Collect$$$$00000000  mc_w.l(entry.o)
    0x080002cc   0x080002cc   0x00000004   Code   RO         1451    .ARM.Collect$$$$00000001  mc_w.l(entry2.o)
    0x080002d0   0x080002d0   0x00000004   Code   RO         1454    .ARM.Collect$$$$00000004  mc_w.l(entry5.o)
    0x080002d4   0x080002d4   0x00000000   Code   RO         1456    .ARM.Collect$$$$00000008  mc_w.l(entry7b.o)
    0x080002d4   0x080002d4   0x00000000   Code   RO         1458    .ARM.Collect$$$$0000000A  mc_w.l(entry8b.o)
    0x080002d4   0x080002d4   0x00000008   Code   RO         1459    .ARM.Collect$$$$0000000B  mc_w.l(entry9a.o)
    0x080002dc   0x080002dc   0x00000000   Code   RO         1461    .ARM.Collect$$$$0000000D  mc_w.l(entry10a.o)
    0x080002dc   0x080002dc   0x00000000   Code   RO         1463    .ARM.Collect$$$$0000000F  mc_w.l(entry11a.o)
    0x080002dc   0x080002dc   0x00000004   Code   RO         1452    .ARM.Collect$$$$00002712  mc_w.l(entry2.o)
    0x080002e0   0x080002e0   0x00000024   Code   RO            4    .text               startup_stm32h723xx.o
    0x08000304   0x08000304   0x00000024   Code   RO         1449    .text               mc_w.l(memseta.o)
    0x08000328   0x08000328   0x00000024   Code   RO         1469    .text               mc_w.l(init.o)
    0x0800034c   0x0800034c   0x00000004   PAD
    0x08000350   0x08000350   0x00000002   Code   RO           86    .text.BusFault_Handler  stm32h7xx_it.o
    0x08000352   0x08000352   0x00000006   PAD
    0x08000358   0x08000358   0x00000002   Code   RO           92    .text.DebugMon_Handler  stm32h7xx_it.o
    0x0800035a   0x0800035a   0x00000006   PAD
    0x08000360   0x08000360   0x0000000a   Code   RO           17    .text.Error_Handler  main.o
    0x0800036a   0x0800036a   0x00000006   PAD
    0x08000370   0x08000370   0x00000028   Code   RO          710    .text.HAL_Delay     stm32h7xx_hal.o
    0x08000398   0x08000398   0x000001a0   Code   RO          392    .text.HAL_GPIO_Init  stm32h7xx_hal_gpio.o
    0x08000538   0x08000538   0x00000010   Code   RO          400    .text.HAL_GPIO_TogglePin  stm32h7xx_hal_gpio.o
    0x08000548   0x08000548   0x0000000a   Code   RO          398    .text.HAL_GPIO_WritePin  stm32h7xx_hal_gpio.o
    0x08000552   0x08000552   0x00000006   PAD
    0x08000558   0x08000558   0x0000000c   Code   RO          702    .text.HAL_GetTick   stm32h7xx_hal.o
    0x08000564   0x08000564   0x00000004   PAD
    0x08000568   0x08000568   0x0000001a   Code   RO          700    .text.HAL_IncTick   stm32h7xx_hal.o
    0x08000582   0x08000582   0x00000006   PAD
    0x08000588   0x08000588   0x00000064   Code   RO          690    .text.HAL_Init      stm32h7xx_hal.o
    0x080005ec   0x080005ec   0x00000004   PAD
    0x080005f0   0x080005f0   0x00000054   Code   RO          692    .text.HAL_InitTick  stm32h7xx_hal.o
    0x08000644   0x08000644   0x00000004   PAD
    0x08000648   0x08000648   0x00000020   Code   RO          105    .text.HAL_MspInit   stm32h7xx_hal_msp.o
    0x08000668   0x08000668   0x0000001e   Code   RO          117    .text.HAL_NVIC_SetPriority  stm32h7xx_hal_cortex.o
    0x08000686   0x08000686   0x00000002   PAD
    0x08000688   0x08000688   0x00000008   Code   RO          113    .text.HAL_NVIC_SetPriorityGrouping  stm32h7xx_hal_cortex.o
    0x08000690   0x08000690   0x00000048   Code   RO          606    .text.HAL_PWREx_ConfigSupply  stm32h7xx_hal_pwr_ex.o
    0x080006d8   0x080006d8   0x00000254   Code   RO          191    .text.HAL_RCC_ClockConfig  stm32h7xx_hal_rcc.o
    0x0800092c   0x0800092c   0x00000004   PAD
    0x08000930   0x08000930   0x000001ba   Code   RO          187    .text.HAL_RCC_DeInit  stm32h7xx_hal_rcc.o
    0x08000aea   0x08000aea   0x00000006   PAD
    0x08000af0   0x08000af0   0x00000108   Code   RO          193    .text.HAL_RCC_GetSysClockFreq  stm32h7xx_hal_rcc.o
    0x08000bf8   0x08000bf8   0x0000050a   Code   RO          189    .text.HAL_RCC_OscConfig  stm32h7xx_hal_rcc.o
    0x08001102   0x08001102   0x00000006   PAD
    0x08001108   0x08001108   0x00000008   Code   RO          137    .text.HAL_SYSTICK_Config  stm32h7xx_hal_cortex.o
    0x08001110   0x08001110   0x00000002   Code   RO           82    .text.HardFault_Handler  stm32h7xx_it.o
    0x08001112   0x08001112   0x00000006   PAD
    0x08001118   0x08001118   0x0000005e   Code   RO           11    .text.JunpToApp     main.o
    0x08001176   0x08001176   0x00000002   PAD
    0x08001178   0x08001178   0x000000a4   Code   RO         1404    .text.KeyGPIOConfig  key.o
    0x0800121c   0x0800121c   0x00000004   PAD
    0x08001220   0x08001220   0x000000c2   Code   RO         1402    .text.KeyInit       key.o
    0x080012e2   0x080012e2   0x00000006   PAD
    0x080012e8   0x080012e8   0x0000000c   Code   RO         1398    .text.KeyPinRead    key.o
    0x080012f4   0x080012f4   0x00000004   PAD
    0x080012f8   0x080012f8   0x0000000e   Code   RO         1400    .text.KeyPinSet     key.o
    0x08001306   0x08001306   0x00000002   PAD
    0x08001308   0x08001308   0x000001e2   Code   RO         1410    .text.KeyScan       key.o
    0x080014ea   0x080014ea   0x00000006   PAD
    0x080014f0   0x080014f0   0x00000028   Code   RO         1416    .text.Key_FIFO_Get  key.o
    0x08001518   0x08001518   0x0000001c   Code   RO         1412    .text.Key_FIFO_Put  key.o
    0x08001534   0x08001534   0x00000004   PAD
    0x08001538   0x08001538   0x00000162   Code   RO           28    .text.MX_GPIO_Init  gpio.o
    0x0800169a   0x0800169a   0x00000006   PAD
    0x080016a0   0x080016a0   0x00000002   Code   RO           84    .text.MemManage_Handler  stm32h7xx_it.o
    0x080016a2   0x080016a2   0x00000006   PAD
    0x080016a8   0x080016a8   0x00000002   Code   RO           80    .text.NMI_Handler   stm32h7xx_it.o
    0x080016aa   0x080016aa   0x00000006   PAD
    0x080016b0   0x080016b0   0x0000002e   Code   RO          123    .text.NVIC_EncodePriority  stm32h7xx_hal_cortex.o
    0x080016de   0x080016de   0x00000002   PAD
    0x080016e0   0x080016e0   0x00000002   Code   RO           94    .text.PendSV_Handler  stm32h7xx_it.o
    0x080016e2   0x080016e2   0x00000006   PAD
    0x080016e8   0x080016e8   0x00000002   Code   RO           90    .text.SVC_Handler   stm32h7xx_it.o
    0x080016ea   0x080016ea   0x00000006   PAD
    0x080016f0   0x080016f0   0x0000002e   Code   RO          139    .text.SysTick_Config  stm32h7xx_hal_cortex.o
    0x0800171e   0x0800171e   0x00000002   PAD
    0x08001720   0x08001720   0x00000008   Code   RO           96    .text.SysTick_Handler  stm32h7xx_it.o
    0x08001728   0x08001728   0x000000aa   Code   RO           15    .text.SystemClock_Config  main.o
    0x080017d2   0x080017d2   0x00000006   PAD
    0x080017d8   0x080017d8   0x000000b0   Code   RO         1383    .text.SystemInit    system_stm32h7xx.o
    0x08001888   0x08001888   0x00000002   Code   RO           88    .text.UsageFault_Handler  stm32h7xx_it.o
    0x0800188a   0x0800188a   0x00000006   PAD
    0x08001890   0x08001890   0x00000010   Code   RO          119    .text.__NVIC_GetPriorityGrouping  stm32h7xx_hal_cortex.o
    0x080018a0   0x080018a0   0x00000022   Code   RO          121    .text.__NVIC_SetPriority  stm32h7xx_hal_cortex.o
    0x080018c2   0x080018c2   0x00000006   PAD
    0x080018c8   0x080018c8   0x00000020   Code   RO          115    .text.__NVIC_SetPriorityGrouping  stm32h7xx_hal_cortex.o
    0x080018e8   0x080018e8   0x000000ec   Code   RO         1408    .text.enableKey_GPIO_CLK  key.o
    0x080019d4   0x080019d4   0x00000004   PAD
    0x080019d8   0x080019d8   0x0000000c   Code   RO         1426    .text.get_key_gpio_configed  key.o
    0x080019e4   0x080019e4   0x00000004   PAD
    0x080019e8   0x080019e8   0x00000016   Code   RO         1420    .text.isKeyFIFOEmpty  key.o
    0x080019fe   0x080019fe   0x00000002   PAD
    0x08001a00   0x08001a00   0x0000008e   Code   RO           13    .text.main          main.o
    0x08001a8e   0x08001a8e   0x00000002   PAD
    0x08001a90   0x08001a90   0x0000000c   Code   RO         1406    .text.set_key_gpio_configed  key.o
    0x08001a9c   0x08001a9c   0x0000000e   Code   RO         1473    i.__scatterload_copy  mc_w.l(handlers.o)
    0x08001aaa   0x08001aaa   0x00000002   Code   RO         1474    i.__scatterload_null  mc_w.l(handlers.o)
    0x08001aac   0x08001aac   0x0000000e   Code   RO         1475    i.__scatterload_zeroinit  mc_w.l(handlers.o)
    0x08001aba   0x08001aba   0x00000010   Data   RO         1389    .rodata.D1CorePrescTable  system_stm32h7xx.o
    0x08001aca   0x08001aca   0x00000002   PAD
    0x08001acc   0x08001acc   0x00000020   Data   RO         1472    Region$$Table       anon$$obj.o


    Execution Region RW_IRAM1 (Exec base: 0x20000000, Load base: 0x08001aec, Size: 0x00000000, Max: 0x00020000, ABSOLUTE)

    **** No section assigned to this execution region ****


    Execution Region RW_IRAM2 (Exec base: 0x24000000, Load base: 0x08001af0, Size: 0x00000570, Max: 0x00050000, ABSOLUTE)

    Exec Addr    Load Addr    Size         Type   Attr      Idx    E Section Name        Object

    0x24000000   0x08001af0   0x00000004   Data   RW         1428    .data.MATRIX_KEY_READ_PIN_NUM  key.o
    0x24000004   0x08001af4   0x00000004   Data   RW         1429    .data.MATRIX_KEY_SET_PIN_NUM  key.o
    0x24000008   0x08001af8   0x00000004   Data   RW         1387    .data.SystemCoreClock  system_stm32h7xx.o
    0x2400000c   0x08001afc   0x00000004   Data   RW         1388    .data.SystemD2Clock  system_stm32h7xx.o
    0x24000010   0x08001b00   0x00000001   Data   RW          799    .data.uwTickFreq    stm32h7xx_hal.o
    0x24000011   0x08001b01   0x00000003   PAD
    0x24000014   0x08001b04   0x00000004   Data   RW          798    .data.uwTickPrio    stm32h7xx_hal.o
    0x24000018        -       0x00000020   Zero   RW         1432    .bss.KeyInPins      key.o
    0x24000038        -       0x00000100   Zero   RW         1434    .bss.KeyMat         key.o
    0x24000138        -       0x00000001   Zero   RW         1435    .bss.KeyScan.keyout  key.o
    0x24000139   0x08001b08   0x00000003   PAD
    0x2400013c        -       0x00000020   Zero   RW         1433    .bss.KeySetPins     key.o
    0x2400015c        -       0x00000001   Zero   RW         1430    .bss.enable_key_up_envent_flag  key.o
    0x2400015d        -       0x00000001   Zero   RW         1431    .bss.key_gpio_configed  key.o
    0x2400015e        -       0x0000000c   Zero   RW         1436    .bss.s_tKey         key.o
    0x2400016a   0x08001b08   0x00000002   PAD
    0x2400016c        -       0x00000004   Zero   RW          800    .bss.uwTick         stm32h7xx_hal.o
    0x24000170        -       0x00000400   Zero   RW            1    STACK               startup_stm32h723xx.o


==============================================================================

Image component sizes


      Code (inc. data)   RO Data    RW Data    ZI Data      Debug   Object Name

       354          0          0          0          0       3192   gpio.o
      1216          8          0          8        335       8943   key.o
       416          0          0          0          0       5566   main.o
        36          8        716          0       1024        840   startup_stm32h723xx.o
       262          0          0          5          4      15901   stm32h7xx_hal.o
       220          0          0          0          0      12635   stm32h7xx_hal_cortex.o
       442          0          0          0          0       6991   stm32h7xx_hal_gpio.o
        32          0          0          0          0       2220   stm32h7xx_hal_msp.o
        72          0          0          0          0       9524   stm32h7xx_hal_pwr_ex.o
      2592         16          0          0          0      10974   stm32h7xx_hal_rcc.o
        24          0          0          0          0       1024   stm32h7xx_it.o
       176          0         16          8          0       5272   system_stm32h7xx.o

    ----------------------------------------------------------------------
      6000         32        766         24       1368      83082   Object Totals
         0          0         32          0          0          0   (incl. Generated)
       158          0          2          3          5          0   (incl. Padding)

    ----------------------------------------------------------------------

      Code (inc. data)   RO Data    RW Data    ZI Data      Debug   Library Member Name

         0          0          0          0          0          0   entry.o
         0          0          0          0          0          0   entry10a.o
         0          0          0          0          0          0   entry11a.o
         8          4          0          0          0          0   entry2.o
         4          0          0          0          0          0   entry5.o
         0          0          0          0          0          0   entry7b.o
         0          0          0          0          0          0   entry8b.o
         8          4          0          0          0          0   entry9a.o
        30          0          0          0          0          0   handlers.o
        36          8          0          0          0         68   init.o
        36          0          0          0          0        108   memseta.o

    ----------------------------------------------------------------------
       126         20          0          0          0        176   Library Totals
         4          4          0          0          0          0   (incl. Padding)

    ----------------------------------------------------------------------

      Code (inc. data)   RO Data    RW Data    ZI Data      Debug   Library Name

       122         16          0          0          0        176   mc_w.l

    ----------------------------------------------------------------------
       126         20          0          0          0        176   Library Totals

    ----------------------------------------------------------------------

==============================================================================


      Code (inc. data)   RO Data    RW Data    ZI Data      Debug   

      6126         52        766         24       1368      83262   Grand Totals
      6126         52        766         24       1368      83262   ELF Image Totals
      6126         52        766         24          0          0   ROM Totals

==============================================================================

    Total RO  Size (Code + RO Data)                 6892 (   6.73kB)
    Total RW  Size (RW Data + ZI Data)              1392 (   1.36kB)
    Total ROM Size (Code + RO Data + RW Data)       6916 (   6.75kB)

==============================================================================

